Component: ARM Compiler 6.16 Tool: armlink [5dfeaa00]

==============================================================================

Section Cross References

    main.o(.text.main) refers to zf_common_clock.o(.text.clock_init) for clock_init
    main.o(.text.main) refers to zf_common_debug.o(.text.debug_init) for debug_init
    main.o(.text.main) refers to main.o(.rodata.str1.1) for .L.str
    main.o(.text.main) refers to printfa.o(i.__0printf) for printf
    main.o(.ARM.exidx.text.main) refers to main.o(.text.main) for [Anonymous Symbol]
    isr.o(.ARM.exidx.text.TIM1_UP_IRQHandler) refers to isr.o(.text.TIM1_UP_IRQHandler) for [Anonymous Symbol]
    isr.o(.ARM.exidx.text.TIM2_IRQHandler) refers to isr.o(.text.TIM2_IRQHandler) for [Anonymous Symbol]
    isr.o(.ARM.exidx.text.TIM3_IRQHandler) refers to isr.o(.text.TIM3_IRQHandler) for [Anonymous Symbol]
    isr.o(.ARM.exidx.text.TIM4_IRQHandler) refers to isr.o(.text.TIM4_IRQHandler) for [Anonymous Symbol]
    isr.o(.ARM.exidx.text.TIM5_IRQHandler) refers to isr.o(.text.TIM5_IRQHandler) for [Anonymous Symbol]
    isr.o(.ARM.exidx.text.TIM6_IRQHandler) refers to isr.o(.text.TIM6_IRQHandler) for [Anonymous Symbol]
    isr.o(.ARM.exidx.text.TIM7_IRQHandler) refers to isr.o(.text.TIM7_IRQHandler) for [Anonymous Symbol]
    isr.o(.text.TIM8_UP_IRQHandler) refers to zf_device_tsl1401.o(.text.tsl1401_collect_pit_handler) for tsl1401_collect_pit_handler
    isr.o(.ARM.exidx.text.TIM8_UP_IRQHandler) refers to isr.o(.text.TIM8_UP_IRQHandler) for [Anonymous Symbol]
    isr.o(.text.UART1_IRQHandler) refers to zf_common_debug.o(.text.debug_interrupr_handler) for debug_interrupr_handler
    isr.o(.ARM.exidx.text.UART1_IRQHandler) refers to isr.o(.text.UART1_IRQHandler) for [Anonymous Symbol]
    isr.o(.ARM.exidx.text.UART2_IRQHandler) refers to isr.o(.text.UART2_IRQHandler) for [Anonymous Symbol]
    isr.o(.text.UART3_IRQHandler) refers to zf_device_gps_tau1201.o(.text.gps_uart_callback) for gps_uart_callback
    isr.o(.ARM.exidx.text.UART3_IRQHandler) refers to isr.o(.text.UART3_IRQHandler) for [Anonymous Symbol]
    isr.o(.ARM.exidx.text.UART4_IRQHandler) refers to isr.o(.text.UART4_IRQHandler) for [Anonymous Symbol]
    isr.o(.ARM.exidx.text.UART5_IRQHandler) refers to isr.o(.text.UART5_IRQHandler) for [Anonymous Symbol]
    isr.o(.text.UART6_IRQHandler) refers to zf_device_type.o(.text.wireless_module_uart_handler) for wireless_module_uart_handler
    isr.o(.ARM.exidx.text.UART6_IRQHandler) refers to isr.o(.text.UART6_IRQHandler) for [Anonymous Symbol]
    isr.o(.ARM.exidx.text.UART7_IRQHandler) refers to isr.o(.text.UART7_IRQHandler) for [Anonymous Symbol]
    isr.o(.text.UART8_IRQHandler) refers to zf_device_type.o(.text.camera_uart_handler) for camera_uart_handler
    isr.o(.ARM.exidx.text.UART8_IRQHandler) refers to isr.o(.text.UART8_IRQHandler) for [Anonymous Symbol]
    isr.o(.ARM.exidx.text.EXTI0_IRQHandler) refers to isr.o(.text.EXTI0_IRQHandler) for [Anonymous Symbol]
    isr.o(.ARM.exidx.text.EXTI1_IRQHandler) refers to isr.o(.text.EXTI1_IRQHandler) for [Anonymous Symbol]
    isr.o(.ARM.exidx.text.EXTI2_IRQHandler) refers to isr.o(.text.EXTI2_IRQHandler) for [Anonymous Symbol]
    isr.o(.ARM.exidx.text.EXTI3_IRQHandler) refers to isr.o(.text.EXTI3_IRQHandler) for [Anonymous Symbol]
    isr.o(.ARM.exidx.text.EXTI4_IRQHandler) refers to isr.o(.text.EXTI4_IRQHandler) for [Anonymous Symbol]
    isr.o(.text.EXTI9_5_IRQHandler) refers to zf_device_type.o(.text.camera_vsync_handler) for camera_vsync_handler
    isr.o(.ARM.exidx.text.EXTI9_5_IRQHandler) refers to isr.o(.text.EXTI9_5_IRQHandler) for [Anonymous Symbol]
    isr.o(.ARM.exidx.text.EXTI15_10_IRQHandler) refers to isr.o(.text.EXTI15_10_IRQHandler) for [Anonymous Symbol]
    isr.o(.ARM.exidx.text.DMA1_Channel1_IRQHandler) refers to isr.o(.text.DMA1_Channel1_IRQHandler) for [Anonymous Symbol]
    isr.o(.ARM.exidx.text.DMA1_Channel2_IRQHandler) refers to isr.o(.text.DMA1_Channel2_IRQHandler) for [Anonymous Symbol]
    isr.o(.ARM.exidx.text.DMA1_Channel3_IRQHandler) refers to isr.o(.text.DMA1_Channel3_IRQHandler) for [Anonymous Symbol]
    isr.o(.text.DMA1_Channel4_IRQHandler) refers to zf_device_type.o(.text.camera_dma_handler) for camera_dma_handler
    isr.o(.ARM.exidx.text.DMA1_Channel4_IRQHandler) refers to isr.o(.text.DMA1_Channel4_IRQHandler) for [Anonymous Symbol]
    isr.o(.ARM.exidx.text.DMA1_Channel5_IRQHandler) refers to isr.o(.text.DMA1_Channel5_IRQHandler) for [Anonymous Symbol]
    isr.o(.ARM.exidx.text.DMA1_Channel6_IRQHandler) refers to isr.o(.text.DMA1_Channel6_IRQHandler) for [Anonymous Symbol]
    isr.o(.ARM.exidx.text.DMA1_Channel7_IRQHandler) refers to isr.o(.text.DMA1_Channel7_IRQHandler) for [Anonymous Symbol]
    isr.o(.ARM.exidx.text.DMA2_Channel1_IRQHandler) refers to isr.o(.text.DMA2_Channel1_IRQHandler) for [Anonymous Symbol]
    isr.o(.ARM.exidx.text.DMA2_Channel2_IRQHandler) refers to isr.o(.text.DMA2_Channel2_IRQHandler) for [Anonymous Symbol]
[...]
    Removing hal_tim_basic.o(.text.TIM_BASIC_DoSwTrigger), (16 bytes).
    Removing hal_tim_basic.o(.ARM.exidx.text.TIM_BASIC_DoSwTrigger), (8 bytes).
    Removing hal_tim_basic.o(.text.TIM_BASIC_GetInterruptStatus), (12 bytes).
    Removing hal_tim_basic.o(.ARM.exidx.text.TIM_BASIC_GetInterruptStatus), (8 bytes).
    Removing hal_tim_basic.o(.text.TIM_BASIC_ClearInterruptStatus), (20 bytes).
    Removing hal_tim_basic.o(.ARM.exidx.text.TIM_BASIC_ClearInterruptStatus), (8 bytes).
    Removing hal_uart.o(.text), (0 bytes).
    Removing hal_uart.o(.text.UART_Init), (224 bytes).
    Removing hal_uart.o(.ARM.exidx.text.UART_Init), (8 bytes).
    Removing hal_uart.o(.text.UART_Enable), (46 bytes).
    Removing hal_uart.o(.ARM.exidx.text.UART_Enable), (8 bytes).
    Removing hal_uart.o(.text.UART_EnableInterrupts), (48 bytes).
    Removing hal_uart.o(.ARM.exidx.text.UART_EnableInterrupts), (8 bytes).
    Removing hal_uart.o(.text.UART_GetEnabledInterrupts), (12 bytes).
    Removing hal_uart.o(.ARM.exidx.text.UART_GetEnabledInterrupts), (8 bytes).
    Removing hal_uart.o(.text.UART_EnableDMA), (46 bytes).
    Removing hal_uart.o(.ARM.exidx.text.UART_EnableDMA), (8 bytes).
    Removing hal_uart.o(.text.UART_PutData), (20 bytes).
    Removing hal_uart.o(.ARM.exidx.text.UART_PutData), (8 bytes).
    Removing hal_uart.o(.text.UART_GetData), (14 bytes).
    Removing hal_uart.o(.ARM.exidx.text.UART_GetData), (8 bytes).
    Removing hal_uart.o(.text.UART_GetStatus), (12 bytes).
    Removing hal_uart.o(.ARM.exidx.text.UART_GetStatus), (8 bytes).
    Removing hal_uart.o(.text.UART_GetInterruptStatus), (12 bytes).
    Removing hal_uart.o(.ARM.exidx.text.UART_GetInterruptStatus), (8 bytes).
    Removing hal_uart.o(.text.UART_ClearInterruptStatus), (16 bytes).
    Removing hal_uart.o(.ARM.exidx.text.UART_ClearInterruptStatus), (8 bytes).
    Removing hal_uart.o(.text.UART_GetRxDataRegAddr), (12 bytes).
    Removing hal_uart.o(.ARM.exidx.text.UART_GetRxDataRegAddr), (8 bytes).
    Removing hal_uart.o(.text.UART_GetTxDataRegAddr), (10 bytes).
    Removing hal_uart.o(.ARM.exidx.text.UART_GetTxDataRegAddr), (8 bytes).
    Removing hal_usb.o(.text), (0 bytes).
    Removing hal_usb.o(.text.USB_SetBufDespTableAddr), (44 bytes).
    Removing hal_usb.o(.ARM.exidx.text.USB_SetBufDespTableAddr), (8 bytes).
    Removing hal_usb.o(.text.USB_InitDevice), (52 bytes).
    Removing hal_usb.o(.ARM.exidx.text.USB_InitDevice), (8 bytes).
    Removing hal_usb.o(.text.USB_SetDeviceAddr), (32 bytes).
    Removing hal_usb.o(.ARM.exidx.text.USB_SetDeviceAddr), (8 bytes).
    Removing hal_usb.o(.text.USB_Enable), (54 bytes).
    Removing hal_usb.o(.ARM.exidx.text.USB_Enable), (8 bytes).
    Removing hal_usb.o(.text.USB_EnableInterrupts), (56 bytes).
    Removing hal_usb.o(.ARM.exidx.text.USB_EnableInterrupts), (8 bytes).
    Removing hal_usb.o(.text.USB_GetEnabledInterrupts), (14 bytes).
    Removing hal_usb.o(.ARM.exidx.text.USB_GetEnabledInterrupts), (8 bytes).
    Removing hal_usb.o(.text.USB_GetInterruptStatus), (30 bytes).
    Removing hal_usb.o(.ARM.exidx.text.USB_GetInterruptStatus), (8 bytes).
    Removing hal_usb.o(.text.USB_ClearInterruptStatus), (30 bytes).
    Removing hal_usb.o(.ARM.exidx.text.USB_ClearInterruptStatus), (8 bytes).
    Removing hal_usb.o(.text.USB_EnableErrInterrupts), (56 bytes).
    Removing hal_usb.o(.ARM.exidx.text.USB_EnableErrInterrupts), (8 bytes).
    Removing hal_usb.o(.text.USB_GetEnabledErrInterrupts), (14 bytes).
    Removing hal_usb.o(.ARM.exidx.text.USB_GetEnabledErrInterrupts), (8 bytes).
    Removing hal_usb.o(.text.USB_GetErrInterruptStatus), (42 bytes).
    Removing hal_usb.o(.ARM.exidx.text.USB_GetErrInterruptStatus), (8 bytes).
    Removing hal_usb.o(.text.USB_ClearErrInterruptStatus), (30 bytes).
    Removing hal_usb.o(.ARM.exidx.text.USB_ClearErrInterruptStatus), (8 bytes).
    Removing hal_usb.o(.text.USB_GetBufDespIndex), (16 bytes).
    Removing hal_usb.o(.ARM.exidx.text.USB_GetBufDespIndex), (8 bytes).
    Removing hal_usb.o(.text.USB_EnableOddEvenReset), (54 bytes).
    Removing hal_usb.o(.ARM.exidx.text.USB_EnableOddEvenReset), (8 bytes).
    Removing hal_usb.o(.text.USB_EnableResumeSignal), (54 bytes).
    Removing hal_usb.o(.ARM.exidx.text.USB_EnableResumeSignal), (8 bytes).
    Removing hal_usb.o(.text.USB_EnableSuspend), (54 bytes).
    Removing hal_usb.o(.ARM.exidx.text.USB_EnableSuspend), (8 bytes).
    Removing hal_usb.o(.text.USB_GetDeviceAddr), (18 bytes).
    Removing hal_usb.o(.ARM.exidx.text.USB_GetDeviceAddr), (8 bytes).
    Removing hal_usb.o(.text.USB_GetBufDespTableAddr), (42 bytes).
    Removing hal_usb.o(.ARM.exidx.text.USB_GetBufDespTableAddr), (8 bytes).
    Removing hal_usb.o(.text.USB_GetFrameNumber), (24 bytes).
    Removing hal_usb.o(.ARM.exidx.text.USB_GetFrameNumber), (8 bytes).
    Removing hal_usb.o(.text.USB_GetBufDesp), (36 bytes).
    Removing hal_usb.o(.ARM.exidx.text.USB_GetBufDesp), (8 bytes).
    Removing hal_usb.o(.text.USB_BufDesp_GetTokenPid), (16 bytes).
    Removing hal_usb.o(.ARM.exidx.text.USB_BufDesp_GetTokenPid), (8 bytes).
    Removing hal_usb.o(.text.USB_BufDesp_GetPacketAddr), (12 bytes).
    Removing hal_usb.o(.ARM.exidx.text.USB_BufDesp_GetPacketAddr), (8 bytes).
    Removing hal_usb.o(.text.USB_BufDesp_GetPacketSize), (16 bytes).
    Removing hal_usb.o(.ARM.exidx.text.USB_BufDesp_GetPacketSize), (8 bytes).
    Removing hal_usb.o(.text.USB_BufDesp_Reset), (48 bytes).
    Removing hal_usb.o(.ARM.exidx.text.USB_BufDesp_Reset), (8 bytes).
    Removing hal_usb.o(.text.USB_GetEndPointIndex), (18 bytes).
    Removing hal_usb.o(.ARM.exidx.text.USB_GetEndPointIndex), (8 bytes).
    Removing hal_usb.o(.text.USB_GetXferDirection), (18 bytes).
    Removing hal_usb.o(.ARM.exidx.text.USB_GetXferDirection), (8 bytes).
    Removing hal_usb.o(.text.USB_GetBufDespOddEven), (18 bytes).
    Removing hal_usb.o(.ARM.exidx.text.USB_GetBufDespOddEven), (8 bytes).
    Removing hal_usb.o(.text.USB_BufDesp_Xfer), (106 bytes).
    Removing hal_usb.o(.ARM.exidx.text.USB_BufDesp_Xfer), (8 bytes).
    Removing hal_usb.o(.text.USB_BufDesp_IsBusy), (42 bytes).
    Removing hal_usb.o(.ARM.exidx.text.USB_BufDesp_IsBusy), (8 bytes).
    Removing hal_usb.o(.text.USB_EnableEndPoint), (232 bytes).
    Removing hal_usb.o(.ARM.exidx.text.USB_EnableEndPoint), (8 bytes).
    Removing hal_usb.o(.text.USB_EnableEndPointStall), (288 bytes).
    Removing hal_usb.o(.ARM.exidx.text.USB_EnableEndPointStall), (8 bytes).
    Removing hal_usb.o(.text.USB_GetEnabledEndPointStall), (72 bytes).
    Removing hal_usb.o(.ARM.exidx.text.USB_GetEnabledEndPointStall), (8 bytes).
    Removing hal_wwdg.o(.text), (0 bytes).
    Removing hal_wwdg.o(.text.WWDG_Init), (36 bytes).
    Removing hal_wwdg.o(.ARM.exidx.text.WWDG_Init), (8 bytes).
    Removing hal_wwdg.o(.text.WWDG_Start), (18 bytes).
    Removing hal_wwdg.o(.ARM.exidx.text.WWDG_Start), (8 bytes).
    Removing hal_wwdg.o(.text.WWDG_Reload), (34 bytes).
    Removing hal_wwdg.o(.ARM.exidx.text.WWDG_Reload), (8 bytes).
    Removing hal_wwdg.o(.text.WWDG_EnableInterrupts), (48 bytes).
    Removing hal_wwdg.o(.ARM.exidx.text.WWDG_EnableInterrupts), (8 bytes).
    Removing hal_wwdg.o(.text.WWDG_GetStatus), (12 bytes).
    Removing hal_wwdg.o(.ARM.exidx.text.WWDG_GetStatus), (8 bytes).
    Removing hal_wwdg.o(.text.WWDG_ClearStatus), (20 bytes).
    Removing hal_wwdg.o(.ARM.exidx.text.WWDG_ClearStatus), (8 bytes).
    Removing diskio.o(.text), (0 bytes).
    Removing diskio.o(.text.disk_status), (92 bytes).
    Removing diskio.o(.ARM.exidx.text.disk_status), (8 bytes).
    Removing diskio.o(.text.disk_initialize), (112 bytes).
    Removing diskio.o(.ARM.exidx.text.disk_initialize), (8 bytes).
    Removing diskio.o(.text.disk_read), (124 bytes).
    Removing diskio.o(.ARM.exidx.text.disk_read), (8 bytes).
    Removing diskio.o(.text.disk_write), (124 bytes).
    Removing diskio.o(.ARM.exidx.text.disk_write), (8 bytes).
    Removing diskio.o(.text.disk_ioctl), (152 bytes).
    Removing diskio.o(.ARM.exidx.text.disk_ioctl), (8 bytes).
    Removing ff.o(.text), (0 bytes).
    Removing ff.o(.text.f_mount), (150 bytes).
    Removing ff.o(.ARM.exidx.text.f_mount), (8 bytes).
    Removing ff.o(.text.get_ldnumber), (196 bytes).
    Removing ff.o(.ARM.exidx.text.get_ldnumber), (8 bytes).
    Removing ff.o(.text.mount_volume), (1046 bytes).
    Removing ff.o(.ARM.exidx.text.mount_volume), (8 bytes).
    Removing ff.o(.text.f_open), (840 bytes).
    Removing ff.o(.ARM.exidx.text.f_open), (8 bytes).
    Removing ff.o(.text.follow_path), (340 bytes).
    Removing ff.o(.ARM.exidx.text.follow_path), (8 bytes).
    Removing ff.o(.text.dir_register), (118 bytes).
    Removing ff.o(.ARM.exidx.text.dir_register), (8 bytes).
    Removing ff.o(.text.st_dword), (68 bytes).
    Removing ff.o(.ARM.exidx.text.st_dword), (8 bytes).
    Removing ff.o(.text.ld_clust), (54 bytes).
    Removing ff.o(.ARM.exidx.text.ld_clust), (8 bytes).
    Removing ff.o(.text.st_clust), (50 bytes).
    Removing ff.o(.ARM.exidx.text.st_clust), (8 bytes).
    Removing ff.o(.text.remove_chain), (244 bytes).
    Removing ff.o(.ARM.exidx.text.remove_chain), (8 bytes).
    Removing ff.o(.text.move_window), (94 bytes).
    Removing ff.o(.ARM.exidx.text.move_window), (8 bytes).
    Removing ff.o(.text.ld_dword), (52 bytes).
    Removing ff.o(.ARM.exidx.text.ld_dword), (8 bytes).
    Removing ff.o(.text.get_fat), (306 bytes).
    Removing ff.o(.ARM.exidx.text.get_fat), (8 bytes).
    Removing ff.o(.text.clst2sect), (54 bytes).
    Removing ff.o(.ARM.exidx.text.clst2sect), (8 bytes).
    Removing ff.o(.text.f_read), (620 bytes).
    Removing ff.o(.ARM.exidx.text.f_read), (8 bytes).
    Removing ff.o(.text.validate), (114 bytes).
    Removing ff.o(.ARM.exidx.text.validate), (8 bytes).
    Removing ff.o(.text.f_write), (726 bytes).
    Removing ff.o(.ARM.exidx.text.f_write), (8 bytes).
    Removing ff.o(.text.create_chain), (482 bytes).
    Removing ff.o(.ARM.exidx.text.create_chain), (8 bytes).
    Removing ff.o(.text.f_sync), (234 bytes).
    Removing ff.o(.ARM.exidx.text.f_sync), (8 bytes).
    Removing ff.o(.text.st_word), (44 bytes).
    Removing ff.o(.ARM.exidx.text.st_word), (8 bytes).
    Removing ff.o(.text.sync_fs), (196 bytes).
    Removing ff.o(.ARM.exidx.text.sync_fs), (8 bytes).
    Removing ff.o(.text.f_close), (62 bytes).
    Removing ff.o(.ARM.exidx.text.f_close), (8 bytes).
    Removing ff.o(.text.f_chdrive), (60 bytes).
    Removing ff.o(.ARM.exidx.text.f_chdrive), (8 bytes).
    Removing ff.o(.text.f_chdir), (138 bytes).
    Removing ff.o(.ARM.exidx.text.f_chdir), (8 bytes).
    Removing ff.o(.text.f_getcwd), (504 bytes).
    Removing ff.o(.ARM.exidx.text.f_getcwd), (8 bytes).
    Removing ff.o(.text.dir_sdi), (282 bytes).
    Removing ff.o(.ARM.exidx.text.dir_sdi), (8 bytes).
    Removing ff.o(.text.dir_read), (204 bytes).
    Removing ff.o(.ARM.exidx.text.dir_read), (8 bytes).
    Removing ff.o(.text.dir_next), (344 bytes).
    Removing ff.o(.ARM.exidx.text.dir_next), (8 bytes).
    Removing ff.o(.text.get_fileinfo), (200 bytes).
    Removing ff.o(.ARM.exidx.text.get_fileinfo), (8 bytes).
    Removing ff.o(.text.f_lseek), (638 bytes).
    Removing ff.o(.ARM.exidx.text.f_lseek), (8 bytes).
    Removing ff.o(.text.f_opendir), (210 bytes).
    Removing ff.o(.ARM.exidx.text.f_opendir), (8 bytes).
    Removing ff.o(.text.f_closedir), (42 bytes).
    Removing ff.o(.ARM.exidx.text.f_closedir), (8 bytes).
    Removing ff.o(.text.f_readdir), (138 bytes).
    Removing ff.o(.ARM.exidx.text.f_readdir), (8 bytes).
    Removing ff.o(.text.f_stat), (100 bytes).
    Removing ff.o(.ARM.exidx.text.f_stat), (8 bytes).
    Removing ff.o(.text.f_getfree), (362 bytes).
    Removing ff.o(.ARM.exidx.text.f_getfree), (8 bytes).
    Removing ff.o(.text.ld_word), (36 bytes).
    Removing ff.o(.ARM.exidx.text.ld_word), (8 bytes).
    Removing ff.o(.text.f_truncate), (326 bytes).
    Removing ff.o(.ARM.exidx.text.f_truncate), (8 bytes).
    Removing ff.o(.text.f_unlink), (346 bytes).
    Removing ff.o(.ARM.exidx.text.f_unlink), (8 bytes).
    Removing ff.o(.text.dir_remove), (58 bytes).
    Removing ff.o(.ARM.exidx.text.dir_remove), (8 bytes).
    Removing ff.o(.text.f_mkdir), (412 bytes).
    Removing ff.o(.ARM.exidx.text.f_mkdir), (8 bytes).
    Removing ff.o(.text.dir_clear), (160 bytes).
    Removing ff.o(.ARM.exidx.text.dir_clear), (8 bytes).
    Removing ff.o(.text.f_rename), (486 bytes).
    Removing ff.o(.ARM.exidx.text.f_rename), (8 bytes).
    Removing ff.o(.text.f_mkfs), (2402 bytes).
    Removing ff.o(.ARM.exidx.text.f_mkfs), (8 bytes).
    Removing ff.o(.text.create_partition), (646 bytes).
    Removing ff.o(.ARM.exidx.text.create_partition), (8 bytes).
    Removing ff.o(.text.f_gets), (122 bytes).
    Removing ff.o(.ARM.exidx.text.f_gets), (8 bytes).
    Removing ff.o(.text.f_putc), (40 bytes).
    Removing ff.o(.ARM.exidx.text.f_putc), (8 bytes).
    Removing ff.o(.text.putc_init), (26 bytes).
    Removing ff.o(.ARM.exidx.text.putc_init), (8 bytes).
    Removing ff.o(.text.putc_bfd), (108 bytes).
    Removing ff.o(.ARM.exidx.text.putc_bfd), (8 bytes).
    Removing ff.o(.text.putc_flush), (70 bytes).
    Removing ff.o(.ARM.exidx.text.putc_flush), (8 bytes).
    Removing ff.o(.text.f_puts), (54 bytes).
    Removing ff.o(.ARM.exidx.text.f_puts), (8 bytes).
    Removing ff.o(.text.f_printf), (1174 bytes).
    Removing ff.o(.ARM.exidx.text.f_printf), (8 bytes).
    Removing ff.o(.text.find_volume), (224 bytes).
    Removing ff.o(.ARM.exidx.text.find_volume), (8 bytes).
    Removing ff.o(.text.check_fs), (328 bytes).
    Removing ff.o(.ARM.exidx.text.check_fs), (8 bytes).
    Removing ff.o(.text.create_name), (610 bytes).
    Removing ff.o(.ARM.exidx.text.create_name), (8 bytes).
    Removing ff.o(.text.dir_find), (180 bytes).
    Removing ff.o(.ARM.exidx.text.dir_find), (8 bytes).
    Removing ff.o(.text.dbc_1st), (112 bytes).
    Removing ff.o(.ARM.exidx.text.dbc_1st), (8 bytes).
    Removing ff.o(.text.dbc_2nd), (158 bytes).
    Removing ff.o(.ARM.exidx.text.dbc_2nd), (8 bytes).
    Removing ff.o(.text.dir_alloc), (162 bytes).
    Removing ff.o(.ARM.exidx.text.dir_alloc), (8 bytes).
    Removing ff.o(.text.put_fat), (434 bytes).
    Removing ff.o(.ARM.exidx.text.put_fat), (8 bytes).
    Removing ff.o(.text.sync_window), (116 bytes).
    Removing ff.o(.ARM.exidx.text.sync_window), (8 bytes).
    Removing ff.o(.bss.FatFs), (8 bytes).
    Removing ff.o(.bss.CurrVol), (1 bytes).
    Removing ff.o(.rodata.f_mkfs.cst), (14 bytes).
    Removing ff.o(.rodata.f_mkfs.cst32), (14 bytes).
    Removing ff.o(.rodata.f_mkfs.defopt), (16 bytes).
    Removing ff.o(.rodata.str1.1), (76 bytes).
    Removing ff.o(.bss.Fsid), (2 bytes).
    Removing ff.o(.rodata.DbcTbl), (10 bytes).
    Removing ffsystem.o(.text), (0 bytes).
    Removing ffunicode.o(.text), (0 bytes).
    Removing fadd.o(.text), (176 bytes).
    Removing fmul.o(.text), (100 bytes).
    Removing fdiv.o(.text), (124 bytes).
    Removing fcmpge.o(.text), (28 bytes).
    Removing dcmple.o(.text), (54 bytes).
    Removing dcmplt.o(.text), (54 bytes).
    Removing dcmpge.o(.text), (54 bytes).
    Removing dcmpeq.o(.text), (56 bytes).
    Removing fflti.o(.text), (18 bytes).
    Removing ffltui.o(.text), (10 bytes).
    Removing dflti.o(.text), (34 bytes).
    Removing dfltui.o(.text), (26 bytes).
    Removing ffixi.o(.text), (50 bytes).
    Removing dfixi.o(.text), (62 bytes).
    Removing f2d.o(.text), (38 bytes).
    Removing d2f.o(.text), (56 bytes).
    Removing fepilogue.o(.text), (110 bytes).
    Removing dscalb.o(.text), (46 bytes).
    Removing dsqrt.o(.text), (162 bytes).
    Removing cdcmple.o(.text), (48 bytes).

1669 unused section(s) (total 222923 bytes) removed from the image.

==============================================================================

Image Symbol Table

    Local Symbols

    Symbol Name                              Value     Ov Type        Size  Object(Section)

    ../clib/division.s                       0x00000000   Number         0  aeabi_sdiv.o ABSOLUTE
    ../clib/microlib/division.c              0x00000000   Number         0  uidiv.o ABSOLUTE
    ../clib/microlib/division.c              0x00000000   Number         0  uldiv.o ABSOLUTE
    ../clib/microlib/errno.c                 0x00000000   Number         0  errno.o ABSOLUTE
    ../clib/microlib/init/entry.s            0x00000000   Number         0  entry.o ABSOLUTE
    ../clib/microlib/init/entry.s            0x00000000   Number         0  entry4.o ABSOLUTE
    ../clib/microlib/init/entry.s            0x00000000   Number         0  entry5.o ABSOLUTE
    ../clib/microlib/init/entry.s            0x00000000   Number         0  entry7a.o ABSOLUTE
    ../clib/microlib/init/entry.s            0x00000000   Number         0  entry7b.o ABSOLUTE
    ../clib/microlib/init/entry.s            0x00000000   Number         0  entry8a.o ABSOLUTE
    ../clib/microlib/init/entry.s            0x00000000   Number         0  entry8b.o ABSOLUTE
    ../clib/microlib/init/entry.s            0x00000000   Number         0  entry9a.o ABSOLUTE
    ../clib/microlib/init/entry.s            0x00000000   Number         0  entry9b.o ABSOLUTE
    ../clib/microlib/init/entry.s            0x00000000   Number         0  entry10a.o ABSOLUTE
    ../clib/microlib/init/entry.s            0x00000000   Number         0  entry10b.o ABSOLUTE
    ../clib/microlib/init/entry.s            0x00000000   Number         0  entry11a.o ABSOLUTE
    ../clib/microlib/init/entry.s            0x00000000   Number         0  entry11b.o ABSOLUTE
    ../clib/microlib/longlong.c              0x00000000   Number         0  llshl.o ABSOLUTE
    ../clib/microlib/longlong.c              0x00000000   Number         0  llushr.o ABSOLUTE
    ../clib/microlib/longlong.c              0x00000000   Number         0  llsshr.o ABSOLUTE
    ../clib/microlib/printf/printf.c         0x00000000   Number         0  printfa.o ABSOLUTE
    ../clib/microlib/stdio/streams.c         0x00000000   Number         0  stdout.o ABSOLUTE
    ../clib/microlib/string/memcmp.c         0x00000000   Number         0  memcmp.o ABSOLUTE
    ../clib/microlib/string/memcpy.c         0x00000000   Number         0  memcpya.o ABSOLUTE
    ../clib/microlib/string/memcpy.c         0x00000000   Number         0  memcpyb.o ABSOLUTE
    ../clib/microlib/string/memset.c         0x00000000   Number         0  memseta.o ABSOLUTE
    ../clib/microlib/string/strchr.c         0x00000000   Number         0  strchr.o ABSOLUTE
    ../clib/microlib/string/strlen.c         0x00000000   Number         0  strlen.o ABSOLUTE
    ../clib/microlib/string/strncmp.c        0x00000000   Number         0  strncmp.o ABSOLUTE
    ../clib/microlib/string/strncpy.c        0x00000000   Number         0  strncpy.o ABSOLUTE
    ../clib/microlib/stubs.s                 0x00000000   Number         0  iusefp.o ABSOLUTE
    ../fplib/microlib/d2f.c                  0x00000000   Number         0  d2f.o ABSOLUTE
    ../fplib/microlib/f2d.c                  0x00000000   Number         0  f2d.o ABSOLUTE
    ../fplib/microlib/fpadd.c                0x00000000   Number         0  fadd.o ABSOLUTE
    ../fplib/microlib/fpadd.c                0x00000000   Number         0  dadd.o ABSOLUTE
    ../fplib/microlib/fpcmp.c                0x00000000   Number         0  fcmpge.o ABSOLUTE
    ../fplib/microlib/fpcmp.c                0x00000000   Number         0  dcmple.o ABSOLUTE
    ../fplib/microlib/fpcmp.c                0x00000000   Number         0  dcmplt.o ABSOLUTE
    ../fplib/microlib/fpcmp.c                0x00000000   Number         0  dcmpge.o ABSOLUTE
    ../fplib/microlib/fpcmp.c                0x00000000   Number         0  dcmpeq.o ABSOLUTE
    ../fplib/microlib/fpdiv.c                0x00000000   Number         0  fdiv.o ABSOLUTE
    ../fplib/microlib/fpdiv.c                0x00000000   Number         0  ddiv.o ABSOLUTE
    ../fplib/microlib/fpepilogue.c           0x00000000   Number         0  fepilogue.o ABSOLUTE
    ../fplib/microlib/fpepilogue.c           0x00000000   Number         0  depilogue.o ABSOLUTE
    ../fplib/microlib/fpfix.c                0x00000000   Number         0  ffixi.o ABSOLUTE
    ../fplib/microlib/fpfix.c                0x00000000   Number         0  dfixi.o ABSOLUTE
    ../fplib/microlib/fpfix.c                0x00000000   Number         0  dfixul.o ABSOLUTE
    ../fplib/microlib/fpflt.c                0x00000000   Number         0  fflti.o ABSOLUTE
    ../fplib/microlib/fpflt.c                0x00000000   Number         0  ffltui.o ABSOLUTE
    ../fplib/microlib/fpflt.c                0x00000000   Number         0  dflti.o ABSOLUTE
    ../fplib/microlib/fpflt.c                0x00000000   Number         0  dfltui.o ABSOLUTE
    ../fplib/microlib/fpmul.c                0x00000000   Number         0  fmul.o ABSOLUTE
    ../fplib/microlib/fpmul.c                0x00000000   Number         0  dmul.o ABSOLUTE
    ../fplib/microlib/fpscalb.c              0x00000000   Number         0  dscalb.o ABSOLUTE
    ../fplib/microlib/fpsqrt.c               0x00000000   Number         0  dsqrt.o ABSOLUTE
    ../mathlib/asin.c                        0x00000000   Number         0  asin.o ABSOLUTE
    ../mathlib/atan.c                        0x00000000   Number         0  atan.o ABSOLUTE
    ../mathlib/atan2.c                       0x00000000   Number         0  atan2.o ABSOLUTE
    ../mathlib/cos.c                         0x00000000   Number         0  cos.o ABSOLUTE
    ../mathlib/cos_i.c                       0x00000000   Number         0  cos_i.o ABSOLUTE
    ../mathlib/dunder.c                      0x00000000   Number         0  dunder.o ABSOLUTE
    ../mathlib/fpclassify.c                  0x00000000   Number         0  fpclassify.o ABSOLUTE
    ../mathlib/poly.c                        0x00000000   Number         0  poly.o ABSOLUTE
    ../mathlib/pow.c                         0x00000000   Number         0  pow.o ABSOLUTE
    ../mathlib/qnan.c                        0x00000000   Number         0  qnan.o ABSOLUTE
    ../mathlib/rred.c                        0x00000000   Number         0  rred.o ABSOLUTE
    ../mathlib/sin.c                         0x00000000   Number         0  sin.o ABSOLUTE
    ../mathlib/sin_i.c                       0x00000000   Number         0  sin_i.o ABSOLUTE
    ../mathlib/sqrt.c                        0x00000000   Number         0  sqrt.o ABSOLUTE
    ..\..\libraries\sdk\mdk\startup_mm32f3277g.s 0x00000000   Number         0  startup_mm32f3277g.o ABSOLUTE
    cdcmple.s                                0x00000000   Number         0  cdcmple.o ABSOLUTE
    cdrcmple.s                               0x00000000   Number         0  cdrcmple.o ABSOLUTE
    dc.s                                     0x00000000   Number         0  dc.o ABSOLUTE
    diskio.c                                 0x00000000   Number         0  diskio.o ABSOLUTE
    ff.c                                     0x00000000   Number         0  ff.o ABSOLUTE
    ffsystem.c                               0x00000000   Number         0  ffsystem.o ABSOLUTE
    ffunicode.c                              0x00000000   Number         0  ffunicode.o ABSOLUTE
    hal_adc.c                                0x00000000   Number         0  hal_adc.o ABSOLUTE
    hal_comp.c                               0x00000000   Number         0  hal_comp.o ABSOLUTE
    hal_dac.c                                0x00000000   Number         0  hal_dac.o ABSOLUTE
    hal_dma.c                                0x00000000   Number         0  hal_dma.o ABSOLUTE
    hal_exti.c                               0x00000000   Number         0  hal_exti.o ABSOLUTE
    hal_fsmc.c                               0x00000000   Number         0  hal_fsmc.o ABSOLUTE
    hal_gpio.c                               0x00000000   Number         0  hal_gpio.o ABSOLUTE
    hal_i2c.c                                0x00000000   Number         0  hal_i2c.o ABSOLUTE
    hal_iwdg.c                               0x00000000   Number         0  hal_iwdg.o ABSOLUTE
    hal_rcc.c                                0x00000000   Number         0  hal_rcc.o ABSOLUTE
    hal_rtc.c                                0x00000000   Number         0  hal_rtc.o ABSOLUTE
    hal_sdio.c                               0x00000000   Number         0  hal_sdio.o ABSOLUTE
    hal_spi.c                                0x00000000   Number         0  hal_spi.o ABSOLUTE
    hal_syscfg.c                             0x00000000   Number         0  hal_syscfg.o ABSOLUTE
    hal_tim_16b.c                            0x00000000   Number         0  hal_tim_16b.o ABSOLUTE
    hal_tim_32b.c                            0x00000000   Number         0  hal_tim_32b.o ABSOLUTE
    hal_tim_adv.c                            0x00000000   Number         0  hal_tim_adv.o ABSOLUTE
    hal_tim_basic.c                          0x00000000   Number         0  hal_tim_basic.o ABSOLUTE
    hal_uart.c                               0x00000000   Number         0  hal_uart.o ABSOLUTE
    hal_usb.c                                0x00000000   Number         0  hal_usb.o ABSOLUTE
    hal_wwdg.c                               0x00000000   Number         0  hal_wwdg.o ABSOLUTE
    handlers.s                               0x00000000   Number         0  handlers.o ABSOLUTE
    init.s                                   0x00000000   Number         0  init.o ABSOLUTE
    isr.c                                    0x00000000   Number         0  isr.o ABSOLUTE
    main.c                                   0x00000000   Number         0  main.o ABSOLUTE
    system_mm32f3277g.c                      0x00000000   Number         0  system_mm32f3277g.o ABSOLUTE
    zf_common_clock.c                        0x00000000   Number         0  zf_common_clock.o ABSOLUTE
    zf_common_debug.c                        0x00000000   Number         0  zf_common_debug.o ABSOLUTE
    zf_common_fifo.c                         0x00000000   Number         0  zf_common_fifo.o ABSOLUTE
    zf_common_font.c                         0x00000000   Number         0  zf_common_font.o ABSOLUTE
    zf_common_function.c                     0x00000000   Number         0  zf_common_function.o ABSOLUTE
    zf_common_interrupt.c                    0x00000000   Number         0  zf_common_interrupt.o ABSOLUTE
    zf_device_absolute_encoder.c             0x00000000   Number         0  zf_device_absolute_encoder.o ABSOLUTE
    zf_device_bluetooth_ch9141.c             0x00000000   Number         0  zf_device_bluetooth_ch9141.o ABSOLUTE
    zf_device_camera.c                       0x00000000   Number         0  zf_device_camera.o ABSOLUTE
    zf_device_gps_tau1201.c                  0x00000000   Number         0  zf_device_gps_tau1201.o ABSOLUTE
    zf_device_icm20602.c                     0x00000000   Number         0  zf_device_icm20602.o ABSOLUTE
    zf_device_ips114.c                       0x00000000   Number         0  zf_device_ips114.o ABSOLUTE
    zf_device_ips200.c                       0x00000000   Number         0  zf_device_ips200.o ABSOLUTE
    zf_device_key.c                          0x00000000   Number         0  zf_device_key.o ABSOLUTE
    zf_device_mpu6050.c                      0x00000000   Number         0  zf_device_mpu6050.o ABSOLUTE
    zf_device_mt9v03x.c                      0x00000000   Number         0  zf_device_mt9v03x.o ABSOLUTE
    zf_device_oled.c                         0x00000000   Number         0  zf_device_oled.o ABSOLUTE
    zf_device_ov7725.c                       0x00000000   Number         0  zf_device_ov7725.o ABSOLUTE
    zf_device_scc8660.c                      0x00000000   Number         0  zf_device_scc8660.o ABSOLUTE
    zf_device_sdcard.c                       0x00000000   Number         0  zf_device_sdcard.o ABSOLUTE
    zf_device_tft180.c                       0x00000000   Number         0  zf_device_tft180.o ABSOLUTE
    zf_device_tsl1401.c                      0x00000000   Number         0  zf_device_tsl1401.o ABSOLUTE
    zf_device_type.c                         0x00000000   Number         0  zf_device_type.o ABSOLUTE
    zf_device_virtual_oscilloscope.c         0x00000000   Number         0  zf_device_virtual_oscilloscope.o ABSOLUTE
    zf_device_wireless_uart.c                0x00000000   Number         0  zf_device_wireless_uart.o ABSOLUTE
    zf_driver_adc.c                          0x00000000   Number         0  zf_driver_adc.o ABSOLUTE
    zf_driver_dac.c                          0x00000000   Number         0  zf_driver_dac.o ABSOLUTE
    zf_driver_delay.c                        0x00000000   Number         0  zf_driver_delay.o ABSOLUTE
    zf_driver_dma.c                          0x00000000   Number         0  zf_driver_dma.o ABSOLUTE
    zf_driver_encoder.c                      0x00000000   Number         0  zf_driver_encoder.o ABSOLUTE
    zf_driver_exti.c                         0x00000000   Number         0  zf_driver_exti.o ABSOLUTE
    zf_driver_flash.c                        0x00000000   Number         0  zf_driver_flash.o ABSOLUTE
    zf_driver_fsmc.c                         0x00000000   Number         0  zf_driver_fsmc.o ABSOLUTE
    zf_driver_gpio.c                         0x00000000   Number         0  zf_driver_gpio.o ABSOLUTE
    zf_driver_iic.c                          0x00000000   Number         0  zf_driver_iic.o ABSOLUTE
    zf_driver_pit.c                          0x00000000   Number         0  zf_driver_pit.o ABSOLUTE
    zf_driver_pwm.c                          0x00000000   Number         0  zf_driver_pwm.o ABSOLUTE
    zf_driver_sdio.c                         0x00000000   Number         0  zf_driver_sdio.o ABSOLUTE
    zf_driver_soft_iic.c                     0x00000000   Number         0  zf_driver_soft_iic.o ABSOLUTE
    zf_driver_soft_spi.c                     0x00000000   Number         0  zf_driver_soft_spi.o ABSOLUTE
    zf_driver_spi.c                          0x00000000   Number         0  zf_driver_spi.o ABSOLUTE
    zf_driver_timer.c                        0x00000000   Number         0  zf_driver_timer.o ABSOLUTE
    zf_driver_uart.c                         0x00000000   Number         0  zf_driver_uart.o ABSOLUTE
    RESET                                    0x08000000   Section      400  startup_mm32f3277g.o(RESET)
    .ARM.Collect$$$$00000000                 0x08000400   Section        0  entry.o(.ARM.Collect$$$$00000000)
    .ARM.Collect$$$$00000003                 0x08000400   Section        4  entry4.o(.ARM.Collect$$$$00000003)
    .ARM.Collect$$$$00000004                 0x08000404   Section        4  entry5.o(.ARM.Collect$$$$00000004)
    .ARM.Collect$$$$00000008                 0x08000408   Section        0  entry7b.o(.ARM.Collect$$$$00000008)
    .ARM.Collect$$$$0000000A                 0x08000408   Section        0  entry8b.o(.ARM.Collect$$$$0000000A)
    .ARM.Collect$$$$0000000B                 0x08000408   Section        8  entry9a.o(.ARM.Collect$$$$0000000B)
    __lit__00000000                          0x08000410   Data           4  entry4.o(.ARM.Collect$$$$00002714)
    .ARM.Collect$$$$0000000D                 0x08000410   Section        0  entry10a.o(.ARM.Collect$$$$0000000D)
    .ARM.Collect$$$$0000000F                 0x08000410   Section        0  entry11a.o(.ARM.Collect$$$$0000000F)
    .ARM.Collect$$$$00002714                 0x08000410   Section        4  entry4.o(.ARM.Collect$$$$00002714)
    .text                                    0x08000414   Section       36  startup_mm32f3277g.o(.text)
    .text                                    0x08000438   Section        0  memcpya.o(.text)
    .text                                    0x0800045c   Section        0  dadd.o(.text)
    .text                                    0x080005aa   Section        0  dmul.o(.text)
    .text                                    0x0800068e   Section        0  ddiv.o(.text)
    .text                                    0x0800076c   Section        0  uidiv.o(.text)
    .text                                    0x08000798   Section        0  uldiv.o(.text)
    .text                                    0x080007fa   Section        0  llshl.o(.text)
    .text                                    0x08000818   Section        0  llushr.o(.text)
    .text                                    0x08000838   Section        0  llsshr.o(.text)
    .text                                    0x0800085c   Section        0  iusefp.o(.text)
    .text                                    0x0800085c   Section        0  depilogue.o(.text)
    .text                                    0x08000916   Section        0  dfixul.o(.text)
    .text                                    0x08000948   Section       48  cdrcmple.o(.text)
    .text                                    0x08000978   Section       36  init.o(.text)
    [Anonymous Symbol]                       0x0800099c   Section        0  isr.o(.text.DMA1_Channel1_IRQHandler)
    [Anonymous Symbol]                       0x080009bc   Section        0  isr.o(.text.DMA1_Channel2_IRQHandler)
    [Anonymous Symbol]                       0x080009e0   Section        0  isr.o(.text.DMA1_Channel3_IRQHandler)
    [Anonymous Symbol]                       0x08000a04   Section        0  isr.o(.text.DMA1_Channel4_IRQHandler)
    [Anonymous Symbol]                       0x08000a2c   Section        0  isr.o(.text.DMA1_Channel5_IRQHandler)
    [Anonymous Symbol]                       0x08000a50   Section        0  isr.o(.text.DMA1_Channel6_IRQHandler)
    [Anonymous Symbol]                       0x08000a74   Section        0  isr.o(.text.DMA1_Channel7_IRQHandler)
    [Anonymous Symbol]                       0x08000a98   Section        0  isr.o(.text.DMA2_Channel1_IRQHandler)
    [Anonymous Symbol]                       0x08000abc   Section        0  isr.o(.text.DMA2_Channel2_IRQHandler)
    [Anonymous Symbol]                       0x08000ae4   Section        0  isr.o(.text.DMA2_Channel3_IRQHandler)
    [Anonymous Symbol]                       0x08000b0c   Section        0  isr.o(.text.DMA2_Channel4_IRQHandler)
    [Anonymous Symbol]                       0x08000b34   Section        0  isr.o(.text.DMA2_Channel5_IRQHandler)
    [Anonymous Symbol]                       0x08000b5c   Section        0  isr.o(.text.EXTI0_IRQHandler)
    [Anonymous Symbol]                       0x08000b70   Section        0  isr.o(.text.EXTI15_10_IRQHandler)
    [Anonymous Symbol]                       0x08000c4c   Section        0  isr.o(.text.EXTI1_IRQHandler)
    [Anonymous Symbol]                       0x08000c60   Section        0  isr.o(.text.EXTI2_IRQHandler)
    [Anonymous Symbol]                       0x08000c74   Section        0  isr.o(.text.EXTI3_IRQHandler)
    [Anonymous Symbol]                       0x08000c88   Section        0  isr.o(.text.EXTI4_IRQHandler)
    [Anonymous Symbol]                       0x08000c9c   Section        0  isr.o(.text.EXTI9_5_IRQHandler)
    [Anonymous Symbol]                       0x08000d58   Section        0  system_mm32f3277g.o(.text.SystemInit)
    [Anonymous Symbol]                       0x08000d68   Section        0  isr.o(.text.TIM1_UP_IRQHandler)
    [Anonymous Symbol]                       0x08000d7c   Section        0  isr.o(.text.TIM2_IRQHandler)
    [Anonymous Symbol]                       0x08000d8c   Section        0  isr.o(.text.TIM3_IRQHandler)
    [Anonymous Symbol]                       0x08000da0   Section        0  isr.o(.text.TIM4_IRQHandler)
    [Anonymous Symbol]                       0x08000db4   Section        0  isr.o(.text.TIM5_IRQHandler)
    [Anonymous Symbol]                       0x08000dc8   Section        0  isr.o(.text.TIM6_IRQHandler)
    [Anonymous Symbol]                       0x08000ddc   Section        0  isr.o(.text.TIM7_IRQHandler)
    [Anonymous Symbol]                       0x08000df0   Section        0  isr.o(.text.TIM8_UP_IRQHandler)
    [Anonymous Symbol]                       0x08000e08   Section        0  isr.o(.text.UART1_IRQHandler)
    [Anonymous Symbol]                       0x08000e58   Section        0  isr.o(.text.UART2_IRQHandler)
    [Anonymous Symbol]                       0x08000ea0   Section        0  isr.o(.text.UART3_IRQHandler)
    [Anonymous Symbol]                       0x08000ef0   Section        0  isr.o(.text.UART4_IRQHandler)
    [Anonymous Symbol]                       0x08000f38   Section        0  isr.o(.text.UART5_IRQHandler)
    [Anonymous Symbol]                       0x08000f80   Section        0  isr.o(.text.UART6_IRQHandler)
    [Anonymous Symbol]                       0x08000fd0   Section        0  isr.o(.text.UART7_IRQHandler)
    [Anonymous Symbol]                       0x08001018   Section        0  isr.o(.text.UART8_IRQHandler)
    __NVIC_DisableIRQ                        0x08001069   Thumb Code    56  zf_common_interrupt.o(.text.__NVIC_DisableIRQ)
    [Anonymous Symbol]                       0x08001068   Section        0  zf_common_interrupt.o(.text.__NVIC_DisableIRQ)
    __NVIC_EnableIRQ                         0x080010a1   Thumb Code    48  zf_common_interrupt.o(.text.__NVIC_EnableIRQ)
    [Anonymous Symbol]                       0x080010a0   Section        0  zf_common_interrupt.o(.text.__NVIC_EnableIRQ)
    __NVIC_SetPriorityGrouping               0x080010d1   Thumb Code    60  zf_common_interrupt.o(.text.__NVIC_SetPriorityGrouping)
    [Anonymous Symbol]                       0x080010d0   Section        0  zf_common_interrupt.o(.text.__NVIC_SetPriorityGrouping)
    [Anonymous Symbol]                       0x0800110c   Section        0  zf_driver_adc.o(.text.adc_convert)
    [Anonymous Symbol]                       0x080011a4   Section        0  zf_driver_gpio.o(.text.afio_init)
    [Anonymous Symbol]                       0x08001324   Section        0  zf_device_bluetooth_ch9141.o(.text.bluetooth_ch9141_uart_callback)
    [Anonymous Symbol]                       0x0800134c   Section        0  zf_device_type.o(.text.camera_dma_handler)
    [Anonymous Symbol]                       0x080013b8   Section        0  zf_device_type.o(.text.camera_uart_handler)
    [Anonymous Symbol]                       0x080013f8   Section        0  zf_device_type.o(.text.camera_vsync_handler)
    [Anonymous Symbol]                       0x080014b8   Section        0  zf_common_clock.o(.text.clock_init)
    clock_reset                              0x080014dd   Thumb Code   152  zf_common_clock.o(.text.clock_reset)
    [Anonymous Symbol]                       0x080014dc   Section        0  zf_common_clock.o(.text.clock_reset)
    clock_set_freq                           0x08001575   Thumb Code   608  zf_common_clock.o(.text.clock_set_freq)
    [Anonymous Symbol]                       0x08001574   Section        0  zf_common_clock.o(.text.clock_set_freq)
    [Anonymous Symbol]                       0x080017d4   Section        0  zf_common_debug.o(.text.debug_init)
    [Anonymous Symbol]                       0x08001810   Section        0  zf_common_debug.o(.text.debug_interrupr_handler)
    [Anonymous Symbol]                       0x08001860   Section        0  zf_common_debug.o(.text.debug_output_init)
    [Anonymous Symbol]                       0x080018ac   Section        0  zf_common_debug.o(.text.debug_output_struct_init)
    debug_uart_str_output                    0x080018dd   Thumb Code    18  zf_common_debug.o(.text.debug_uart_str_output)
    [Anonymous Symbol]                       0x080018dc   Section        0  zf_common_debug.o(.text.debug_uart_str_output)
    [Anonymous Symbol]                       0x080018f0   Section        0  zf_driver_dma.o(.text.dma_disable)
    [Anonymous Symbol]                       0x08001924   Section        0  zf_driver_dma.o(.text.dma_enable)
    [Anonymous Symbol]                       0x08001958   Section        0  zf_driver_dma.o(.text.dma_set_count)
    [Anonymous Symbol]                       0x0800198c   Section        0  zf_common_fifo.o(.text.fifo_head_offset)
    [Anonymous Symbol]                       0x080019bc   Section        0  zf_common_fifo.o(.text.fifo_write_buffer)
    [Anonymous Symbol]                       0x08001a74   Section        0  zf_common_debug.o(.text.fputc)
    [Anonymous Symbol]                       0x08001a8c   Section        0  zf_common_function.o(.text.get_greatest_common_divisor)
    [Anonymous Symbol]                       0x08001ad0   Section        0  zf_device_gps_tau1201.o(.text.gps_uart_callback)
    [Anonymous Symbol]                       0x08001b68   Section        0  zf_common_interrupt.o(.text.interrupt_disable)
    [Anonymous Symbol]                       0x08001b7c   Section        0  zf_common_interrupt.o(.text.interrupt_enable)
    [Anonymous Symbol]                       0x08001b90   Section        0  zf_common_interrupt.o(.text.interrupt_global_disable)
    [Anonymous Symbol]                       0x08001bb4   Section        0  zf_common_interrupt.o(.text.interrupt_global_enable)
    [Anonymous Symbol]                       0x08001be8   Section        0  zf_common_interrupt.o(.text.interrupt_init)
    [Anonymous Symbol]                       0x08001bf4   Section        0  main.o(.text.main)
    [Anonymous Symbol]                       0x08001c1c   Section        0  zf_device_mt9v03x.o(.text.mt9v03x_uart_callback)
    [Anonymous Symbol]                       0x08001ca8   Section        0  zf_device_ov7725.o(.text.ov7725_uart_callback)
    [Anonymous Symbol]                       0x08001d34   Section        0  zf_device_scc8660.o(.text.scc8660_uart_callback)
    [Anonymous Symbol]                       0x08001dc0   Section        0  zf_device_tsl1401.o(.text.tsl1401_collect_pit_handler)
    [Anonymous Symbol]                       0x08001ea0   Section        0  zf_driver_uart.o(.text.uart_init)
    [Anonymous Symbol]                       0x08002104   Section        0  zf_driver_uart.o(.text.uart_query_byte)
    [Anonymous Symbol]                       0x08002154   Section        0  zf_driver_uart.o(.text.uart_rx_interrupt)
    [Anonymous Symbol]                       0x080021cc   Section        0  zf_driver_uart.o(.text.uart_write_byte)
    [Anonymous Symbol]                       0x0800220c   Section        0  zf_driver_uart.o(.text.uart_write_string)
    [Anonymous Symbol]                       0x08002238   Section        0  zf_device_type.o(.text.wireless_module_uart_handler)
    [Anonymous Symbol]                       0x0800226c   Section        0  zf_device_wireless_uart.o(.text.wireless_uart_callback)
    i.__0printf                              0x08002294   Section        0  printfa.o(i.__0printf)
    i.__scatterload_copy                     0x080022b4   Section       14  handlers.o(i.__scatterload_copy)
    i.__scatterload_null                     0x080022c2   Section        2  handlers.o(i.__scatterload_null)
    i.__scatterload_zeroinit                 0x080022c4   Section       14  handlers.o(i.__scatterload_zeroinit)
    _fp_digits                               0x080022d5   Thumb Code   366  printfa.o(i._fp_digits)
    i._fp_digits                             0x080022d4   Section        0  printfa.o(i._fp_digits)
    _printf_core                             0x08002459   Thumb Code  1744  printfa.o(i._printf_core)
    i._printf_core                           0x08002458   Section        0  printfa.o(i._printf_core)
    _printf_post_padding                     0x08002b35   Thumb Code    36  printfa.o(i._printf_post_padding)
    i._printf_post_padding                   0x08002b34   Section        0  printfa.o(i._printf_post_padding)
    _printf_pre_padding                      0x08002b59   Thumb Code    46  printfa.o(i._printf_pre_padding)
    i._printf_pre_padding                    0x08002b58   Section        0  printfa.o(i._printf_pre_padding)
    .L.str                                   0x08002b86   Data          20  main.o(.rodata.str1.1)
    [Anonymous Symbol]                       0x08002b86   Section        0  main.o(.rodata.str1.1)
    .data                                    0x20000000   Section        4  stdout.o(.data)
    adc_index                                0x20000004   Data          12  zf_driver_adc.o(.data.adc_index)
    [Anonymous Symbol]                       0x20000004   Section        0  zf_driver_adc.o(.data.adc_index)
    dma_index                                0x20000010   Data           8  zf_driver_dma.o(.data.dma_index)
    [Anonymous Symbol]                       0x20000010   Section        0  zf_driver_dma.o(.data.dma_index)
    uart_index                               0x20000038   Data          32  zf_driver_uart.o(.data.uart_index)
    [Anonymous Symbol]                       0x20000038   Section        0  zf_driver_uart.o(.data.uart_index)
    uart_irq                                 0x20000058   Data           8  zf_driver_uart.o(.data.uart_irq)
    [Anonymous Symbol]                       0x20000058   Section        0  zf_driver_uart.o(.data.uart_irq)
    adc_resolution                           0x20000060   Data           3  zf_driver_adc.o(.bss.adc_resolution)
    [Anonymous Symbol]                       0x20000060   Section        0  zf_driver_adc.o(.bss.adc_resolution)
    bluetooth_ch9141_data                    0x20000063   Data           1  zf_device_bluetooth_ch9141.o(.bss.bluetooth_ch9141_data)
    [Anonymous Symbol]                       0x20000063   Section        0  zf_device_bluetooth_ch9141.o(.bss.bluetooth_ch9141_data)
    bluetooth_ch9141_fifo                    0x20000064   Data          20  zf_device_bluetooth_ch9141.o(.bss.bluetooth_ch9141_fifo)
    [Anonymous Symbol]                       0x20000064   Section        0  zf_device_bluetooth_ch9141.o(.bss.bluetooth_ch9141_fifo)
    debug_output_info                        0x2000007c   Data          20  zf_common_debug.o(.bss.debug_output_info)
    [Anonymous Symbol]                       0x2000007c   Section        0  zf_common_debug.o(.bss.debug_output_info)
    interrupt_nest_count                     0x200001a0   Data           4  zf_common_interrupt.o(.bss.interrupt_nest_count)
    [Anonymous Symbol]                       0x200001a0   Section        0  zf_common_interrupt.o(.bss.interrupt_nest_count)
    receive                                  0x200001a6   Data           3  zf_device_mt9v03x.o(.bss.receive)
    [Anonymous Symbol]                       0x200001a6   Section        0  zf_device_mt9v03x.o(.bss.receive)
    receive                                  0x200001a9   Data           3  zf_device_ov7725.o(.bss.receive)
    [Anonymous Symbol]                       0x200001a9   Section        0  zf_device_ov7725.o(.bss.receive)
    receive                                  0x200001ac   Data           3  zf_device_scc8660.o(.bss.receive)
    [Anonymous Symbol]                       0x200001ac   Section        0  zf_device_scc8660.o(.bss.receive)
    receive_num                              0x200001af   Data           1  zf_device_mt9v03x.o(.bss.receive_num)
    [Anonymous Symbol]                       0x200001af   Section        0  zf_device_mt9v03x.o(.bss.receive_num)
    receive_num                              0x200001b0   Data           1  zf_device_ov7725.o(.bss.receive_num)
    [Anonymous Symbol]                       0x200001b0   Section        0  zf_device_ov7725.o(.bss.receive_num)
    receive_num                              0x200001b1   Data           1  zf_device_scc8660.o(.bss.receive_num)
    [Anonymous Symbol]                       0x200001b1   Section        0  zf_device_scc8660.o(.bss.receive_num)
    tsl1401_init_state                       0x200003b9   Data           1  zf_device_tsl1401.o(.bss.tsl1401_init_state)
    [Anonymous Symbol]                       0x200003b9   Section        0  zf_device_tsl1401.o(.bss.tsl1401_init_state)
    uart_receive_flag                        0x200003ba   Data           1  zf_device_mt9v03x.o(.bss.uart_receive_flag)
    [Anonymous Symbol]                       0x200003ba   Section        0  zf_device_mt9v03x.o(.bss.uart_receive_flag)
    uart_receive_flag                        0x200003bb   Data           1  zf_device_ov7725.o(.bss.uart_receive_flag)
    [Anonymous Symbol]                       0x200003bb   Section        0  zf_device_ov7725.o(.bss.uart_receive_flag)
    uart_receive_flag                        0x200003bc   Data           1  zf_device_scc8660.o(.bss.uart_receive_flag)
    [Anonymous Symbol]                       0x200003bc   Section        0  zf_device_scc8660.o(.bss.uart_receive_flag)
    wireless_uart_data                       0x200003be   Data           1  zf_device_wireless_uart.o(.bss.wireless_uart_data)
    [Anonymous Symbol]                       0x200003be   Section        0  zf_device_wireless_uart.o(.bss.wireless_uart_data)
    wireless_uart_fifo                       0x200003c0   Data          20  zf_device_wireless_uart.o(.bss.wireless_uart_fifo)
    [Anonymous Symbol]                       0x200003c0   Section        0  zf_device_wireless_uart.o(.bss.wireless_uart_fifo)
    zf_debug_init_flag                       0x200003d4   Data           1  zf_common_debug.o(.bss.zf_debug_init_flag)
    [Anonymous Symbol]                       0x200003d4   Section        0  zf_common_debug.o(.bss.zf_debug_init_flag)

    Global Symbols

    Symbol Name                              Value     Ov Type        Size  Object(Section)

    BuildAttributes$$THM_ISAv4$P$D$K$B$S$PE$A:L22UL41UL21$X:L11$S22US41US21$IEEE1$IW$~IW$USESV6$~STKCKD$USESV7$~SHL$OTIME$ROPI$IEEEX$EBA8$MICROLIB$REQ8$PRES8$EABIv2 0x00000000   Number         0  anon$$obj.o ABSOLUTE
    __cpp_initialize__aeabi_                  - Undefined Weak Reference
    __cxa_finalize                            - Undefined Weak Reference
    __decompress                              - Undefined Weak Reference
    _clock_init                               - Undefined Weak Reference
    _microlib_exit                            - Undefined Weak Reference
    __Vectors_Size                           0x00000190   Number         0  startup_mm32f3277g.o ABSOLUTE
    __Vectors                                0x08000000   Data           4  startup_mm32f3277g.o(RESET)
    __Vectors_End                            0x08000190   Data           0  startup_mm32f3277g.o(RESET)
    __main                                   0x08000401   Thumb Code     0  entry.o(.ARM.Collect$$$$00000000)
    _main_stk                                0x08000401   Thumb Code     0  entry4.o(.ARM.Collect$$$$00000003)
    _main_scatterload                        0x08000405   Thumb Code     0  entry5.o(.ARM.Collect$$$$00000004)
    __main_after_scatterload                 0x08000409   Thumb Code     0  entry5.o(.ARM.Collect$$$$00000004)
    _main_clock                              0x08000409   Thumb Code     0  entry7b.o(.ARM.Collect$$$$00000008)
    _main_cpp_init                           0x08000409   Thumb Code     0  entry8b.o(.ARM.Collect$$$$0000000A)
    _main_init                               0x08000409   Thumb Code     0  entry9a.o(.ARM.Collect$$$$0000000B)
    __rt_final_cpp                           0x08000411   Thumb Code     0  entry10a.o(.ARM.Collect$$$$0000000D)
    __rt_final_exit                          0x08000411   Thumb Code     0  entry11a.o(.ARM.Collect$$$$0000000F)
    Reset_Handler                            0x08000415   Thumb Code     8  startup_mm32f3277g.o(.text)
    NMI_Handler                              0x0800041d   Thumb Code     2  startup_mm32f3277g.o(.text)
    HardFault_Handler                        0x0800041f   Thumb Code     2  startup_mm32f3277g.o(.text)
    MemManage_Handler                        0x08000421   Thumb Code     2  startup_mm32f3277g.o(.text)
    BusFault_Handler                         0x08000423   Thumb Code     2  startup_mm32f3277g.o(.text)
    UsageFault_Handler                       0x08000425   Thumb Code     2  startup_mm32f3277g.o(.text)
    SVC_Handler                              0x08000427   Thumb Code     2  startup_mm32f3277g.o(.text)
    DebugMon_Handler                         0x08000429   Thumb Code     2  startup_mm32f3277g.o(.text)
    PendSV_Handler                           0x0800042b   Thumb Code     2  startup_mm32f3277g.o(.text)
    SysTick_Handler                          0x0800042d   Thumb Code     2  startup_mm32f3277g.o(.text)
    ADC1_2_IRQHandler                        0x0800042f   Thumb Code     0  startup_mm32f3277g.o(.text)
    ADC3_IRQHandler                          0x0800042f   Thumb Code     0  startup_mm32f3277g.o(.text)
    CAN1_RX_IRQHandler                       0x0800042f   Thumb Code     0  startup_mm32f3277g.o(.text)
    COMP1_2_IRQHandler                       0x0800042f   Thumb Code     0  startup_mm32f3277g.o(.text)
    ETH_IRQHandler                           0x0800042f   Thumb Code     0  startup_mm32f3277g.o(.text)
    FLASH_IRQHandler                         0x0800042f   Thumb Code     0  startup_mm32f3277g.o(.text)
    FlashCache_IRQHandler                    0x0800042f   Thumb Code     0  startup_mm32f3277g.o(.text)
    I2C1_IRQHandler                          0x0800042f   Thumb Code     0  startup_mm32f3277g.o(.text)
    I2C2_IRQHandler                          0x0800042f   Thumb Code     0  startup_mm32f3277g.o(.text)
    OTG_FS_IRQHandler                        0x0800042f   Thumb Code     0  startup_mm32f3277g.o(.text)
    OTG_FS_WKUP_IRQHandler                   0x0800042f   Thumb Code     0  startup_mm32f3277g.o(.text)
    PVD_IRQHandler                           0x0800042f   Thumb Code     0  startup_mm32f3277g.o(.text)
    RCC_CRS_IRQHandler                       0x0800042f   Thumb Code     0  startup_mm32f3277g.o(.text)
    RTCAlarm_IRQHandler                      0x0800042f   Thumb Code     0  startup_mm32f3277g.o(.text)
    RTC_IRQHandler                           0x0800042f   Thumb Code     0  startup_mm32f3277g.o(.text)
    SDIO_IRQHandler                          0x0800042f   Thumb Code     0  startup_mm32f3277g.o(.text)
    SPI1_IRQHandler                          0x0800042f   Thumb Code     0  startup_mm32f3277g.o(.text)
    SPI2_IRQHandler                          0x0800042f   Thumb Code     0  startup_mm32f3277g.o(.text)
    SPI3_IRQHandler                          0x0800042f   Thumb Code     0  startup_mm32f3277g.o(.text)
    TAMPER_IRQHandler                        0x0800042f   Thumb Code     0  startup_mm32f3277g.o(.text)
    TIM1_BRK_IRQHandler                      0x0800042f   Thumb Code     0  startup_mm32f3277g.o(.text)
    TIM1_CC_IRQHandler                       0x0800042f   Thumb Code     0  startup_mm32f3277g.o(.text)
    TIM1_TRG_COM_IRQHandler                  0x0800042f   Thumb Code     0  startup_mm32f3277g.o(.text)
    TIM8_BRK_IRQHandler                      0x0800042f   Thumb Code     0  startup_mm32f3277g.o(.text)
    TIM8_CC_IRQHandler                       0x0800042f   Thumb Code     0  startup_mm32f3277g.o(.text)
    TIM8_TRG_COM_IRQHandler                  0x0800042f   Thumb Code     0  startup_mm32f3277g.o(.text)
    WWDG_IRQHandler                          0x0800042f   Thumb Code     0  startup_mm32f3277g.o(.text)
    __aeabi_memcpy                           0x08000439   Thumb Code    36  memcpya.o(.text)
    __aeabi_memcpy4                          0x08000439   Thumb Code     0  memcpya.o(.text)
    __aeabi_memcpy8                          0x08000439   Thumb Code     0  memcpya.o(.text)
    __aeabi_dadd                             0x0800045d   Thumb Code   322  dadd.o(.text)
    __aeabi_dsub                             0x0800059f   Thumb Code     6  dadd.o(.text)
    __aeabi_drsub                            0x080005a5   Thumb Code     6  dadd.o(.text)
    __aeabi_dmul                             0x080005ab   Thumb Code   228  dmul.o(.text)
    __aeabi_ddiv                             0x0800068f   Thumb Code   222  ddiv.o(.text)
    __aeabi_uidiv                            0x0800076d   Thumb Code     0  uidiv.o(.text)
    __aeabi_uidivmod                         0x0800076d   Thumb Code    44  uidiv.o(.text)
    __aeabi_uldivmod                         0x08000799   Thumb Code    98  uldiv.o(.text)
    __aeabi_llsl                             0x080007fb   Thumb Code    30  llshl.o(.text)
    _ll_shift_l                              0x080007fb   Thumb Code     0  llshl.o(.text)
    __aeabi_llsr                             0x08000819   Thumb Code    32  llushr.o(.text)
    _ll_ushift_r                             0x08000819   Thumb Code     0  llushr.o(.text)
    __aeabi_lasr                             0x08000839   Thumb Code    36  llsshr.o(.text)
    _ll_sshift_r                             0x08000839   Thumb Code     0  llsshr.o(.text)
    __I$use$fp                               0x0800085d   Thumb Code     0  iusefp.o(.text)
    _double_round                            0x0800085d   Thumb Code    30  depilogue.o(.text)
    _double_epilogue                         0x0800087b   Thumb Code   156  depilogue.o(.text)
    __aeabi_d2ulz                            0x08000917   Thumb Code    48  dfixul.o(.text)
    __aeabi_cdrcmple                         0x08000949   Thumb Code    48  cdrcmple.o(.text)
    __scatterload                            0x08000979   Thumb Code    28  init.o(.text)
    __scatterload_rt2                        0x08000979   Thumb Code     0  init.o(.text)
    DMA1_Channel1_IRQHandler                 0x0800099d   Thumb Code    32  isr.o(.text.DMA1_Channel1_IRQHandler)
    DMA1_Channel2_IRQHandler                 0x080009bd   Thumb Code    34  isr.o(.text.DMA1_Channel2_IRQHandler)
    DMA1_Channel3_IRQHandler                 0x080009e1   Thumb Code    34  isr.o(.text.DMA1_Channel3_IRQHandler)
    DMA1_Channel4_IRQHandler                 0x08000a05   Thumb Code    40  isr.o(.text.DMA1_Channel4_IRQHandler)
    DMA1_Channel5_IRQHandler                 0x08000a2d   Thumb Code    34  isr.o(.text.DMA1_Channel5_IRQHandler)
    DMA1_Channel6_IRQHandler                 0x08000a51   Thumb Code    34  isr.o(.text.DMA1_Channel6_IRQHandler)
    DMA1_Channel7_IRQHandler                 0x08000a75   Thumb Code    34  isr.o(.text.DMA1_Channel7_IRQHandler)
    DMA2_Channel1_IRQHandler                 0x08000a99   Thumb Code    36  isr.o(.text.DMA2_Channel1_IRQHandler)
    DMA2_Channel2_IRQHandler                 0x08000abd   Thumb Code    38  isr.o(.text.DMA2_Channel2_IRQHandler)
    DMA2_Channel3_IRQHandler                 0x08000ae5   Thumb Code    38  isr.o(.text.DMA2_Channel3_IRQHandler)
    DMA2_Channel4_IRQHandler                 0x08000b0d   Thumb Code    38  isr.o(.text.DMA2_Channel4_IRQHandler)
    DMA2_Channel5_IRQHandler                 0x08000b35   Thumb Code    38  isr.o(.text.DMA2_Channel5_IRQHandler)
    EXTI0_IRQHandler                         0x08000b5d   Thumb Code    18  isr.o(.text.EXTI0_IRQHandler)
    EXTI15_10_IRQHandler                     0x08000b71   Thumb Code   218  isr.o(.text.EXTI15_10_IRQHandler)
    EXTI1_IRQHandler                         0x08000c4d   Thumb Code    18  isr.o(.text.EXTI1_IRQHandler)
    EXTI2_IRQHandler                         0x08000c61   Thumb Code    18  isr.o(.text.EXTI2_IRQHandler)
    EXTI3_IRQHandler                         0x08000c75   Thumb Code    18  isr.o(.text.EXTI3_IRQHandler)
    EXTI4_IRQHandler                         0x08000c89   Thumb Code    18  isr.o(.text.EXTI4_IRQHandler)
    EXTI9_5_IRQHandler                       0x08000c9d   Thumb Code   188  isr.o(.text.EXTI9_5_IRQHandler)
    SystemInit                               0x08000d59   Thumb Code    16  system_mm32f3277g.o(.text.SystemInit)
    TIM1_UP_IRQHandler                       0x08000d69   Thumb Code    18  isr.o(.text.TIM1_UP_IRQHandler)
    TIM2_IRQHandler                          0x08000d7d   Thumb Code    16  isr.o(.text.TIM2_IRQHandler)
    TIM3_IRQHandler                          0x08000d8d   Thumb Code    18  isr.o(.text.TIM3_IRQHandler)
    TIM4_IRQHandler                          0x08000da1   Thumb Code    18  isr.o(.text.TIM4_IRQHandler)
    TIM5_IRQHandler                          0x08000db5   Thumb Code    18  isr.o(.text.TIM5_IRQHandler)
    TIM6_IRQHandler                          0x08000dc9   Thumb Code    18  isr.o(.text.TIM6_IRQHandler)
    TIM7_IRQHandler                          0x08000ddd   Thumb Code    18  isr.o(.text.TIM7_IRQHandler)
    TIM8_UP_IRQHandler                       0x08000df1   Thumb Code    24  isr.o(.text.TIM8_UP_IRQHandler)
    UART1_IRQHandler                         0x08000e09   Thumb Code    78  isr.o(.text.UART1_IRQHandler)
    UART2_IRQHandler                         0x08000e59   Thumb Code    72  isr.o(.text.UART2_IRQHandler)
    UART3_IRQHandler                         0x08000ea1   Thumb Code    78  isr.o(.text.UART3_IRQHandler)
    UART4_IRQHandler                         0x08000ef1   Thumb Code    72  isr.o(.text.UART4_IRQHandler)
    UART5_IRQHandler                         0x08000f39   Thumb Code    72  isr.o(.text.UART5_IRQHandler)
    UART6_IRQHandler                         0x08000f81   Thumb Code    78  isr.o(.text.UART6_IRQHandler)
    UART7_IRQHandler                         0x08000fd1   Thumb Code    72  isr.o(.text.UART7_IRQHandler)
    UART8_IRQHandler                         0x08001019   Thumb Code    78  isr.o(.text.UART8_IRQHandler)
    adc_convert                              0x0800110d   Thumb Code   150  zf_driver_adc.o(.text.adc_convert)
    afio_init                                0x080011a5   Thumb Code   384  zf_driver_gpio.o(.text.afio_init)
    bluetooth_ch9141_uart_callback           0x08001325   Thumb Code    40  zf_device_bluetooth_ch9141.o(.text.bluetooth_ch9141_uart_callback)
    camera_dma_handler                       0x0800134d   Thumb Code   106  zf_device_type.o(.text.camera_dma_handler)
    camera_uart_handler                      0x080013b9   Thumb Code    64  zf_device_type.o(.text.camera_uart_handler)
    camera_vsync_handler                     0x080013f9   Thumb Code   190  zf_device_type.o(.text.camera_vsync_handler)
    clock_init                               0x080014b9   Thumb Code    36  zf_common_clock.o(.text.clock_init)
    debug_init                               0x080017d5   Thumb Code    60  zf_common_debug.o(.text.debug_init)
    debug_interrupr_handler                  0x08001811   Thumb Code    80  zf_common_debug.o(.text.debug_interrupr_handler)
    debug_output_init                        0x08001861   Thumb Code    76  zf_common_debug.o(.text.debug_output_init)
    debug_output_struct_init                 0x080018ad   Thumb Code    48  zf_common_debug.o(.text.debug_output_struct_init)
    dma_disable                              0x080018f1   Thumb Code    50  zf_driver_dma.o(.text.dma_disable)
    dma_enable                               0x08001925   Thumb Code    50  zf_driver_dma.o(.text.dma_enable)
    dma_set_count                            0x08001959   Thumb Code    52  zf_driver_dma.o(.text.dma_set_count)
    fifo_head_offset                         0x0800198d   Thumb Code    46  zf_common_fifo.o(.text.fifo_head_offset)
    fifo_write_buffer                        0x080019bd   Thumb Code   182  zf_common_fifo.o(.text.fifo_write_buffer)
    fputc                                    0x08001a75   Thumb Code    24  zf_common_debug.o(.text.fputc)
    get_greatest_common_divisor              0x08001a8d   Thumb Code    66  zf_common_function.o(.text.get_greatest_common_divisor)
    gps_uart_callback                        0x08001ad1   Thumb Code   152  zf_device_gps_tau1201.o(.text.gps_uart_callback)
    interrupt_disable                        0x08001b69   Thumb Code    20  zf_common_interrupt.o(.text.interrupt_disable)
    interrupt_enable                         0x08001b7d   Thumb Code    20  zf_common_interrupt.o(.text.interrupt_enable)
    interrupt_global_disable                 0x08001b91   Thumb Code    34  zf_common_interrupt.o(.text.interrupt_global_disable)
    interrupt_global_enable                  0x08001bb5   Thumb Code    50  zf_common_interrupt.o(.text.interrupt_global_enable)
    interrupt_init                           0x08001be9   Thumb Code    10  zf_common_interrupt.o(.text.interrupt_init)
    main                                     0x08001bf5   Thumb Code    40  main.o(.text.main)
    mt9v03x_uart_callback                    0x08001c1d   Thumb Code   138  zf_device_mt9v03x.o(.text.mt9v03x_uart_callback)
    ov7725_uart_callback                     0x08001ca9   Thumb Code   138  zf_device_ov7725.o(.text.ov7725_uart_callback)
    scc8660_uart_callback                    0x08001d35   Thumb Code   138  zf_device_scc8660.o(.text.scc8660_uart_callback)
    tsl1401_collect_pit_handler              0x08001dc1   Thumb Code   224  zf_device_tsl1401.o(.text.tsl1401_collect_pit_handler)
    uart_init                                0x08001ea1   Thumb Code   610  zf_driver_uart.o(.text.uart_init)
    uart_query_byte                          0x08002105   Thumb Code    80  zf_driver_uart.o(.text.uart_query_byte)
    uart_rx_interrupt                        0x08002155   Thumb Code   118  zf_driver_uart.o(.text.uart_rx_interrupt)
    uart_write_byte                          0x080021cd   Thumb Code    64  zf_driver_uart.o(.text.uart_write_byte)
    uart_write_string                        0x0800220d   Thumb Code    42  zf_driver_uart.o(.text.uart_write_string)
    wireless_module_uart_handler             0x08002239   Thumb Code    50  zf_device_type.o(.text.wireless_module_uart_handler)
    wireless_uart_callback                   0x0800226d   Thumb Code    40  zf_device_wireless_uart.o(.text.wireless_uart_callback)
    __0printf                                0x08002295   Thumb Code    22  printfa.o(i.__0printf)
    __1printf                                0x08002295   Thumb Code     0  printfa.o(i.__0printf)
    __2printf                                0x08002295   Thumb Code     0  printfa.o(i.__0printf)
    __c89printf                              0x08002295   Thumb Code     0  printfa.o(i.__0printf)
    printf                                   0x08002295   Thumb Code     0  printfa.o(i.__0printf)
    __scatterload_copy                       0x080022b5   Thumb Code    14  handlers.o(i.__scatterload_copy)
    __scatterload_null                       0x080022c3   Thumb Code     2  handlers.o(i.__scatterload_null)
    __scatterload_zeroinit                   0x080022c5   Thumb Code    14  handlers.o(i.__scatterload_zeroinit)
    Region$$Table$$Base                      0x08002b9c   Number         0  anon$$obj.o(Region$$Table)
    Region$$Table$$Limit                     0x08002bbc   Number         0  anon$$obj.o(Region$$Table)
    __stdout                                 0x20000000   Data           4  stdout.o(.data)
    gpio_group                               0x20000018   Data          32  zf_driver_gpio.o(.data.gpio_group)
    camera_type                              0x20000078   Data           1  zf_device_type.o(.bss.camera_type)
    debug_ring_buffer                        0x20000090   Data          64  zf_common_debug.o(.bss.debug_ring_buffer)
    debug_ring_index                         0x200000d0   Data           4  zf_common_debug.o(.bss.debug_ring_index)
    gps_tau1201_buffer1                      0x200000d4   Data         100  zf_device_gps_tau1201.o(.bss.gps_tau1201_buffer1)
    gps_tau1201_buffer2                      0x20000138   Data         100  zf_device_gps_tau1201.o(.bss.gps_tau1201_buffer2)
    gps_tau1201_flag                         0x2000019c   Data           1  zf_device_gps_tau1201.o(.bss.gps_tau1201_flag)
    gps_tau1201_num                          0x2000019d   Data           1  zf_device_gps_tau1201.o(.bss.gps_tau1201_num)
    mt9v03x_finish_flag                      0x200001a4   Data           1  zf_device_mt9v03x.o(.bss.mt9v03x_finish_flag)
    ov7725_finish_flag                       0x200001a5   Data           1  zf_device_ov7725.o(.bss.ov7725_finish_flag)
    scc8660_finish_flag                      0x200001b2   Data           1  zf_device_scc8660.o(.bss.scc8660_finish_flag)
    system_clock                             0x200001b4   Data           4  zf_common_clock.o(.bss.system_clock)
    tsl1401_data                             0x200001b8   Data         512  zf_device_tsl1401.o(.bss.tsl1401_data)
    tsl1401_finish_flag                      0x200003b8   Data           1  zf_device_tsl1401.o(.bss.tsl1401_finish_flag)
    wireless_type                            0x200003bd   Data           1  zf_device_type.o(.bss.wireless_type)
    Image$$ARM_LIB_STACK$$ZI$$Limit          0x20020000   Number         0  anon$$obj.o ABSOLUTE



==============================================================================

Memory Map of the image

  Image Entry point : 0x08000401

  Load Region LR_m_text (Base: 0x08000000, Size: 0x00002c1c, Max: 0x00080000, ABSOLUTE)

    Execution Region VECTOR_ROM (Exec base: 0x08000000, Load base: 0x08000000, Size: 0x00000190, Max: 0x00000400, ABSOLUTE)

    Exec Addr    Load Addr    Size         Type   Attr      Idx    E Section Name        Object

    0x08000000   0x08000000   0x00000190   Data   RO         1247    RESET               startup_mm32f3277g.o


    Execution Region ER_m_text (Exec base: 0x08000400, Load base: 0x08000400, Size: 0x000027bc, Max: 0x0007fc00, ABSOLUTE, FIXED)

    Exec Addr    Load Addr    Size         Type   Attr      Idx    E Section Name        Object

    0x08000400   0x08000400   0x00000000   Code   RO         2203  * .ARM.Collect$$$$00000000  mc_w.l(entry.o)
    0x08000400   0x08000400   0x00000004   Code   RO         2323    .ARM.Collect$$$$00000003  mc_w.l(entry4.o)
    0x08000404   0x08000404   0x00000004   Code   RO         2326    .ARM.Collect$$$$00000004  mc_w.l(entry5.o)
    0x08000408   0x08000408   0x00000000   Code   RO         2328    .ARM.Collect$$$$00000008  mc_w.l(entry7b.o)
    0x08000408   0x08000408   0x00000000   Code   RO         2330    .ARM.Collect$$$$0000000A  mc_w.l(entry8b.o)
    0x08000408   0x08000408   0x00000008   Code   RO         2331    .ARM.Collect$$$$0000000B  mc_w.l(entry9a.o)
    0x08000410   0x08000410   0x00000000   Code   RO         2333    .ARM.Collect$$$$0000000D  mc_w.l(entry10a.o)
    0x08000410   0x08000410   0x00000000   Code   RO         2335    .ARM.Collect$$$$0000000F  mc_w.l(entry11a.o)
    0x08000410   0x08000410   0x00000004   Code   RO         2324    .ARM.Collect$$$$00002714  mc_w.l(entry4.o)
    0x08000414   0x08000414   0x00000024   Code   RO         1248    .text               startup_mm32f3277g.o
    0x08000438   0x08000438   0x00000024   Code   RO         2206    .text               mc_w.l(memcpya.o)
    0x0800045c   0x0800045c   0x0000014e   Code   RO         2256    .text               mf_w.l(dadd.o)
    0x080005aa   0x080005aa   0x000000e4   Code   RO         2258    .text               mf_w.l(dmul.o)
    0x0800068e   0x0800068e   0x000000de   Code   RO         2260    .text               mf_w.l(ddiv.o)
    0x0800076c   0x0800076c   0x0000002c   Code   RO         2347    .text               mc_w.l(uidiv.o)
    0x08000798   0x08000798   0x00000062   Code   RO         2349    .text               mc_w.l(uldiv.o)
    0x080007fa   0x080007fa   0x0000001e   Code   RO         2351    .text               mc_w.l(llshl.o)
    0x08000818   0x08000818   0x00000020   Code   RO         2353    .text               mc_w.l(llushr.o)
    0x08000838   0x08000838   0x00000024   Code   RO         2355    .text               mc_w.l(llsshr.o)
    0x0800085c   0x0800085c   0x00000000   Code   RO         2364    .text               mc_w.l(iusefp.o)
    0x0800085c   0x0800085c   0x000000ba   Code   RO         2367    .text               mf_w.l(depilogue.o)
    0x08000916   0x08000916   0x00000030   Code   RO         2373    .text               mf_w.l(dfixul.o)
    0x08000946   0x08000946   0x00000002   PAD
    0x08000948   0x08000948   0x00000030   Code   RO         2377    .text               mf_w.l(cdrcmple.o)
    0x08000978   0x08000978   0x00000024   Code   RO         2379    .text               mc_w.l(init.o)
    0x0800099c   0x0800099c   0x00000020   Code   RO           60    .text.DMA1_Channel1_IRQHandler  isr.o
    0x080009bc   0x080009bc   0x00000022   Code   RO           62    .text.DMA1_Channel2_IRQHandler  isr.o
    0x080009de   0x080009de   0x00000002   PAD
    0x080009e0   0x080009e0   0x00000022   Code   RO           64    .text.DMA1_Channel3_IRQHandler  isr.o
    0x08000a02   0x08000a02   0x00000002   PAD
    0x08000a04   0x08000a04   0x00000028   Code   RO           66    .text.DMA1_Channel4_IRQHandler  isr.o
    0x08000a2c   0x08000a2c   0x00000022   Code   RO           68    .text.DMA1_Channel5_IRQHandler  isr.o
    0x08000a4e   0x08000a4e   0x00000002   PAD
    0x08000a50   0x08000a50   0x00000022   Code   RO           70    .text.DMA1_Channel6_IRQHandler  isr.o
    0x08000a72   0x08000a72   0x00000002   PAD
    0x08000a74   0x08000a74   0x00000022   Code   RO           72    .text.DMA1_Channel7_IRQHandler  isr.o
    0x08000a96   0x08000a96   0x00000002   PAD
    0x08000a98   0x08000a98   0x00000024   Code   RO           74    .text.DMA2_Channel1_IRQHandler  isr.o
    0x08000abc   0x08000abc   0x00000026   Code   RO           76    .text.DMA2_Channel2_IRQHandler  isr.o
    0x08000ae2   0x08000ae2   0x00000002   PAD
    0x08000ae4   0x08000ae4   0x00000026   Code   RO           78    .text.DMA2_Channel3_IRQHandler  isr.o
    0x08000b0a   0x08000b0a   0x00000002   PAD
    0x08000b0c   0x08000b0c   0x00000026   Code   RO           80    .text.DMA2_Channel4_IRQHandler  isr.o
    0x08000b32   0x08000b32   0x00000002   PAD
    0x08000b34   0x08000b34   0x00000026   Code   RO           82    .text.DMA2_Channel5_IRQHandler  isr.o
    0x08000b5a   0x08000b5a   0x00000002   PAD
    0x08000b5c   0x08000b5c   0x00000012   Code   RO           46    .text.EXTI0_IRQHandler  isr.o
    0x08000b6e   0x08000b6e   0x00000002   PAD
    0x08000b70   0x08000b70   0x000000da   Code   RO           58    .text.EXTI15_10_IRQHandler  isr.o
    0x08000c4a   0x08000c4a   0x00000002   PAD
    0x08000c4c   0x08000c4c   0x00000012   Code   RO           48    .text.EXTI1_IRQHandler  isr.o
    0x08000c5e   0x08000c5e   0x00000002   PAD
    0x08000c60   0x08000c60   0x00000012   Code   RO           50    .text.EXTI2_IRQHandler  isr.o
    0x08000c72   0x08000c72   0x00000002   PAD
    0x08000c74   0x08000c74   0x00000012   Code   RO           52    .text.EXTI3_IRQHandler  isr.o
    0x08000c86   0x08000c86   0x00000002   PAD
    0x08000c88   0x08000c88   0x00000012   Code   RO           54    .text.EXTI4_IRQHandler  isr.o
    0x08000c9a   0x08000c9a   0x00000002   PAD
    0x08000c9c   0x08000c9c   0x000000bc   Code   RO           56    .text.EXTI9_5_IRQHandler  isr.o
    0x08000d58   0x08000d58   0x00000010   Code   RO         1240    .text.SystemInit    system_mm32f3277g.o
    0x08000d68   0x08000d68   0x00000012   Code   RO           14    .text.TIM1_UP_IRQHandler  isr.o
    0x08000d7a   0x08000d7a   0x00000002   PAD
    0x08000d7c   0x08000d7c   0x00000010   Code   RO           16    .text.TIM2_IRQHandler  isr.o
    0x08000d8c   0x08000d8c   0x00000012   Code   RO           18    .text.TIM3_IRQHandler  isr.o
    0x08000d9e   0x08000d9e   0x00000002   PAD
    0x08000da0   0x08000da0   0x00000012   Code   RO           20    .text.TIM4_IRQHandler  isr.o
    0x08000db2   0x08000db2   0x00000002   PAD
    0x08000db4   0x08000db4   0x00000012   Code   RO           22    .text.TIM5_IRQHandler  isr.o
    0x08000dc6   0x08000dc6   0x00000002   PAD
    0x08000dc8   0x08000dc8   0x00000012   Code   RO           24    .text.TIM6_IRQHandler  isr.o
    0x08000dda   0x08000dda   0x00000002   PAD
    0x08000ddc   0x08000ddc   0x00000012   Code   RO           26    .text.TIM7_IRQHandler  isr.o
    0x08000dee   0x08000dee   0x00000002   PAD
    0x08000df0   0x08000df0   0x00000018   Code   RO           28    .text.TIM8_UP_IRQHandler  isr.o
    0x08000e08   0x08000e08   0x0000004e   Code   RO           30    .text.UART1_IRQHandler  isr.o
    0x08000e56   0x08000e56   0x00000002   PAD
    0x08000e58   0x08000e58   0x00000048   Code   RO           32    .text.UART2_IRQHandler  isr.o
    0x08000ea0   0x08000ea0   0x0000004e   Code   RO           34    .text.UART3_IRQHandler  isr.o
    0x08000eee   0x08000eee   0x00000002   PAD
    0x08000ef0   0x08000ef0   0x00000048   Code   RO           36    .text.UART4_IRQHandler  isr.o
    0x08000f38   0x08000f38   0x00000048   Code   RO           38    .text.UART5_IRQHandler  isr.o
    0x08000f80   0x08000f80   0x0000004e   Code   RO           40    .text.UART6_IRQHandler  isr.o
    0x08000fce   0x08000fce   0x00000002   PAD
    0x08000fd0   0x08000fd0   0x00000048   Code   RO           42    .text.UART7_IRQHandler  isr.o
    0x08001018   0x08001018   0x0000004e   Code   RO           44    .text.UART8_IRQHandler  isr.o
    0x08001066   0x08001066   0x00000002   PAD
    0x08001068   0x08001068   0x00000038   Code   RO          220    .text.__NVIC_DisableIRQ  zf_common_interrupt.o
    0x080010a0   0x080010a0   0x00000030   Code   RO          216    .text.__NVIC_EnableIRQ  zf_common_interrupt.o
    0x080010d0   0x080010d0   0x0000003c   Code   RO          228    .text.__NVIC_SetPriorityGrouping  zf_common_interrupt.o
    0x0800110c   0x0800110c   0x00000096   Code   RO          238    .text.adc_convert   zf_driver_adc.o
    0x080011a2   0x080011a2   0x00000002   PAD
    0x080011a4   0x080011a4   0x00000180   Code   RO          348    .text.afio_init     zf_driver_gpio.o
    0x08001324   0x08001324   0x00000028   Code   RO          687    .text.bluetooth_ch9141_uart_callback  zf_device_bluetooth_ch9141.o
    0x0800134c   0x0800134c   0x0000006a   Code   RO         1189    .text.camera_dma_handler  zf_device_type.o
    0x080013b6   0x080013b6   0x00000002   PAD
    0x080013b8   0x080013b8   0x00000040   Code   RO         1185    .text.camera_uart_handler  zf_device_type.o
    0x080013f8   0x080013f8   0x000000be   Code   RO         1187    .text.camera_vsync_handler  zf_device_type.o
    0x080014b6   0x080014b6   0x00000002   PAD
    0x080014b8   0x080014b8   0x00000024   Code   RO           91    .text.clock_init    zf_common_clock.o
    0x080014dc   0x080014dc   0x00000098   Code   RO           93    .text.clock_reset   zf_common_clock.o
    0x08001574   0x08001574   0x00000260   Code   RO           95    .text.clock_set_freq  zf_common_clock.o
    0x080017d4   0x080017d4   0x0000003c   Code   RO          127    .text.debug_init    zf_common_debug.o
    0x08001810   0x08001810   0x00000050   Code   RO          105    .text.debug_interrupr_handler  zf_common_debug.o
    0x08001860   0x08001860   0x0000004c   Code   RO          125    .text.debug_output_init  zf_common_debug.o
    0x080018ac   0x080018ac   0x00000030   Code   RO          123    .text.debug_output_struct_init  zf_common_debug.o
    0x080018dc   0x080018dc   0x00000012   Code   RO          129    .text.debug_uart_str_output  zf_common_debug.o
    0x080018ee   0x080018ee   0x00000002   PAD
    0x080018f0   0x080018f0   0x00000032   Code   RO          266    .text.dma_disable   zf_driver_dma.o
    0x08001922   0x08001922   0x00000002   PAD
    0x08001924   0x08001924   0x00000032   Code   RO          264    .text.dma_enable    zf_driver_dma.o
    0x08001956   0x08001956   0x00000002   PAD
    0x08001958   0x08001958   0x00000034   Code   RO          262    .text.dma_set_count  zf_driver_dma.o
    0x0800198c   0x0800198c   0x0000002e   Code   RO          145    .text.fifo_head_offset  zf_common_fifo.o
    0x080019ba   0x080019ba   0x00000002   PAD
    0x080019bc   0x080019bc   0x000000b6   Code   RO          153    .text.fifo_write_buffer  zf_common_fifo.o
    0x08001a72   0x08001a72   0x00000002   PAD
    0x08001a74   0x08001a74   0x00000018   Code   RO          109    .text.fputc         zf_common_debug.o
    0x08001a8c   0x08001a8c   0x00000042   Code   RO          177    .text.get_greatest_common_divisor  zf_common_function.o
    0x08001ace   0x08001ace   0x00000002   PAD
    0x08001ad0   0x08001ad0   0x00000098   Code   RO          725    .text.gps_uart_callback  zf_device_gps_tau1201.o
    0x08001b68   0x08001b68   0x00000014   Code   RO          218    .text.interrupt_disable  zf_common_interrupt.o
    0x08001b7c   0x08001b7c   0x00000014   Code   RO          214    .text.interrupt_enable  zf_common_interrupt.o
    0x08001b90   0x08001b90   0x00000022   Code   RO          212    .text.interrupt_global_disable  zf_common_interrupt.o
    0x08001bb2   0x08001bb2   0x00000002   PAD
    0x08001bb4   0x08001bb4   0x00000032   Code   RO          210    .text.interrupt_global_enable  zf_common_interrupt.o
    0x08001be6   0x08001be6   0x00000002   PAD
    0x08001be8   0x08001be8   0x0000000a   Code   RO          226    .text.interrupt_init  zf_common_interrupt.o
    0x08001bf2   0x08001bf2   0x00000002   PAD
    0x08001bf4   0x08001bf4   0x00000028   Code   RO            4    .text.main          main.o
    0x08001c1c   0x08001c1c   0x0000008a   Code   RO          957    .text.mt9v03x_uart_callback  zf_device_mt9v03x.o
    0x08001ca6   0x08001ca6   0x00000002   PAD
    0x08001ca8   0x08001ca8   0x0000008a   Code   RO         1034    .text.ov7725_uart_callback  zf_device_ov7725.o
    0x08001d32   0x08001d32   0x00000002   PAD
    0x08001d34   0x08001d34   0x0000008a   Code   RO         1063    .text.scc8660_uart_callback  zf_device_scc8660.o
    0x08001dbe   0x08001dbe   0x00000002   PAD
    0x08001dc0   0x08001dc0   0x000000e0   Code   RO         1167    .text.tsl1401_collect_pit_handler  zf_device_tsl1401.o
    0x08001ea0   0x08001ea0   0x00000262   Code   RO          651    .text.uart_init     zf_driver_uart.o
    0x08002102   0x08002102   0x00000002   PAD
    0x08002104   0x08002104   0x00000050   Code   RO          645    .text.uart_query_byte  zf_driver_uart.o
    0x08002154   0x08002154   0x00000076   Code   RO          649    .text.uart_rx_interrupt  zf_driver_uart.o
    0x080021ca   0x080021ca   0x00000002   PAD
    0x080021cc   0x080021cc   0x00000040   Code   RO          637    .text.uart_write_byte  zf_driver_uart.o
    0x0800220c   0x0800220c   0x0000002a   Code   RO          641    .text.uart_write_string  zf_driver_uart.o
    0x08002236   0x08002236   0x00000002   PAD
    0x08002238   0x08002238   0x00000032   Code   RO         1193    .text.wireless_module_uart_handler  zf_device_type.o
    0x0800226a   0x0800226a   0x00000002   PAD
    0x0800226c   0x0800226c   0x00000028   Code   RO         1216    .text.wireless_uart_callback  zf_device_wireless_uart.o
    0x08002294   0x08002294   0x00000020   Code   RO         2223    i.__0printf         mc_w.l(printfa.o)
    0x080022b4   0x080022b4   0x0000000e   Code   RO         2383    i.__scatterload_copy  mc_w.l(handlers.o)
    0x080022c2   0x080022c2   0x00000002   Code   RO         2384    i.__scatterload_null  mc_w.l(handlers.o)
    0x080022c4   0x080022c4   0x0000000e   Code   RO         2385    i.__scatterload_zeroinit  mc_w.l(handlers.o)
    0x080022d2   0x080022d2   0x00000002   PAD
    0x080022d4   0x080022d4   0x00000184   Code   RO         2230    i._fp_digits        mc_w.l(printfa.o)
    0x08002458   0x08002458   0x000006dc   Code   RO         2231    i._printf_core      mc_w.l(printfa.o)
    0x08002b34   0x08002b34   0x00000024   Code   RO         2232    i._printf_post_padding  mc_w.l(printfa.o)
    0x08002b58   0x08002b58   0x0000002e   Code   RO         2233    i._printf_pre_padding  mc_w.l(printfa.o)
    0x08002b86   0x08002b86   0x00000014   Data   RO            6    .rodata.str1.1      main.o
    0x08002b9a   0x08002b9a   0x00000002   PAD
    0x08002b9c   0x08002b9c   0x00000020   Data   RO         2382    Region$$Table       anon$$obj.o


    Execution Region RW_m_data (Exec base: 0x20000000, Load base: 0x08002bbc, Size: 0x000003d8, Max: 0x0001dc00, ABSOLUTE)

    Exec Addr    Load Addr    Size         Type   Attr      Idx    E Section Name        Object

    0x20000000   0x08002bbc   0x00000004   Data   RW         2337    .data               mc_w.l(stdout.o)
    0x20000004   0x08002bc0   0x0000000c   Data   RW          244    .data.adc_index     zf_driver_adc.o
    0x20000010   0x08002bcc   0x00000008   Data   RW          270    .data.dma_index     zf_driver_dma.o
    0x20000018   0x08002bd4   0x00000020   Data   RW          350    .data.gpio_group    zf_driver_gpio.o
    0x20000038   0x08002bf4   0x00000020   Data   RW          653    .data.uart_index    zf_driver_uart.o
    0x20000058   0x08002c14   0x00000008   Data   RW          654    .data.uart_irq      zf_driver_uart.o
    0x20000060        -       0x00000003   Zero   RW          245    .bss.adc_resolution  zf_driver_adc.o
    0x20000063        -       0x00000001   Zero   RW          701    .bss.bluetooth_ch9141_data  zf_device_bluetooth_ch9141.o
    0x20000064        -       0x00000014   Zero   RW          702    .bss.bluetooth_ch9141_fifo  zf_device_bluetooth_ch9141.o
    0x20000078        -       0x00000001   Zero   RW         1195    .bss.camera_type    zf_device_type.o
    0x20000079   0x08002c1c   0x00000003   PAD
    0x2000007c        -       0x00000014   Zero   RW          137    .bss.debug_output_info  zf_common_debug.o
    0x20000090        -       0x00000040   Zero   RW          133    .bss.debug_ring_buffer  zf_common_debug.o
    0x200000d0        -       0x00000004   Zero   RW          131    .bss.debug_ring_index  zf_common_debug.o
    0x200000d4        -       0x00000064   Zero   RW          751    .bss.gps_tau1201_buffer1  zf_device_gps_tau1201.o
    0x20000138        -       0x00000064   Zero   RW          749    .bss.gps_tau1201_buffer2  zf_device_gps_tau1201.o
    0x2000019c        -       0x00000001   Zero   RW          752    .bss.gps_tau1201_flag  zf_device_gps_tau1201.o
    0x2000019d        -       0x00000001   Zero   RW          750    .bss.gps_tau1201_num  zf_device_gps_tau1201.o
    0x2000019e   0x08002c1c   0x00000002   PAD
    0x200001a0        -       0x00000004   Zero   RW          230    .bss.interrupt_nest_count  zf_common_interrupt.o
    0x200001a4        -       0x00000001   Zero   RW          971    .bss.mt9v03x_finish_flag  zf_device_mt9v03x.o
    0x200001a5        -       0x00000001   Zero   RW         1048    .bss.ov7725_finish_flag  zf_device_ov7725.o
    0x200001a6        -       0x00000003   Zero   RW          972    .bss.receive        zf_device_mt9v03x.o
    0x200001a9        -       0x00000003   Zero   RW         1049    .bss.receive        zf_device_ov7725.o
    0x200001ac        -       0x00000003   Zero   RW         1084    .bss.receive        zf_device_scc8660.o
    0x200001af        -       0x00000001   Zero   RW          973    .bss.receive_num    zf_device_mt9v03x.o
    0x200001b0        -       0x00000001   Zero   RW         1050    .bss.receive_num    zf_device_ov7725.o
    0x200001b1        -       0x00000001   Zero   RW         1085    .bss.receive_num    zf_device_scc8660.o
    0x200001b2        -       0x00000001   Zero   RW         1083    .bss.scc8660_finish_flag  zf_device_scc8660.o
    0x200001b3   0x08002c1c   0x00000001   PAD
    0x200001b4        -       0x00000004   Zero   RW           97    .bss.system_clock   zf_common_clock.o
    0x200001b8        -       0x00000200   Zero   RW         1174    .bss.tsl1401_data   zf_device_tsl1401.o
    0x200003b8        -       0x00000001   Zero   RW         1175    .bss.tsl1401_finish_flag  zf_device_tsl1401.o
    0x200003b9        -       0x00000001   Zero   RW         1173    .bss.tsl1401_init_state  zf_device_tsl1401.o
    0x200003ba        -       0x00000001   Zero   RW          974    .bss.uart_receive_flag  zf_device_mt9v03x.o
    0x200003bb        -       0x00000001   Zero   RW         1051    .bss.uart_receive_flag  zf_device_ov7725.o
    0x200003bc        -       0x00000001   Zero   RW         1086    .bss.uart_receive_flag  zf_device_scc8660.o
    0x200003bd        -       0x00000001   Zero   RW         1196    .bss.wireless_type  zf_device_type.o
    0x200003be        -       0x00000001   Zero   RW         1230    .bss.wireless_uart_data  zf_device_wireless_uart.o
    0x200003bf   0x08002c1c   0x00000001   PAD
    0x200003c0        -       0x00000014   Zero   RW         1231    .bss.wireless_uart_fifo  zf_device_wireless_uart.o
    0x200003d4        -       0x00000001   Zero   RW          132    .bss.zf_debug_init_flag  zf_common_debug.o


    Execution Region ARM_LIB_HEAP (Exec base: 0x200003d8, Load base: 0x08002c1c, Size: 0x00000400, Max: 0x00000400, ABSOLUTE)

    Exec Addr    Load Addr    Size         Type   Attr      Idx    E Section Name        Object

    0x200003d8        -       0x00000400   Zero   RW            1    ARM_LIB_HEAP.bss    anon$$obj.o


    Execution Region ARM_LIB_STACK (Exec base: 0x2001e000, Load base: 0x08002c1c, Size: 0x00002000, Max: 0x00002000, ABSOLUTE)

    Exec Addr    Load Addr    Size         Type   Attr      Idx    E Section Name        Object

    0x2001e000        -       0x00002000   Zero   RW            2    ARM_LIB_STACK.bss   anon$$obj.o


==============================================================================

Image component sizes


      Code (inc. data)   RO Data    RW Data    ZI Data      Debug   Object Name

      1674          0          0          0          0       6473   isr.o
        40          0         20          0          0        636   main.o
        36          8        400          0          0        820   startup_mm32f3277g.o
        16          0          0          0          0        392   system_mm32f3277g.o
       796          0          0          0          4       2872   zf_common_clock.o
       306          0          0          0         89       5274   zf_common_debug.o
       228          0          0          0          0       2508   zf_common_fifo.o
        66          0          0          0          0       6464   zf_common_function.o
       298          0          0          0          4       4544   zf_common_interrupt.o
        40          0          0          0         21       4876   zf_device_bluetooth_ch9141.o
       152          0          0          0        202       6886   zf_device_gps_tau1201.o
       138          0          0          0          6       6301   zf_device_mt9v03x.o
       138          0          0          0          6       6137   zf_device_ov7725.o
       138          0          0          0          6       6966   zf_device_scc8660.o
       224          0          0          0        514       4064   zf_device_tsl1401.o
       410          0          0          0          2       1824   zf_device_type.o
        40          0          0          0         21       5048   zf_device_wireless_uart.o
       150          0          0         12          3       5307   zf_driver_adc.o
       152          0          0          8          0       4105   zf_driver_dma.o
       384          0          0         32          0       5103   zf_driver_gpio.o
       914          8          0         40          0       7540   zf_driver_uart.o

    ----------------------------------------------------------------------
      6428         16        454         92      10104      94140   Object Totals
         0          0         32          0       9216          0   (incl. Generated)
        88          0          2          0         10          0   (incl. Padding)

    ----------------------------------------------------------------------

      Code (inc. data)   RO Data    RW Data    ZI Data      Debug   Library Member Name

         0          0          0          0          0          0   entry.o
         0          0          0          0          0          0   entry10a.o
         0          0          0          0          0          0   entry11a.o
         8          4          0          0          0          0   entry4.o
         4          0          0          0          0          0   entry5.o
         0          0          0          0          0          0   entry7b.o
         0          0          0          0          0          0   entry8b.o
         8          4          0          0          0          0   entry9a.o
        30          0          0          0          0          0   handlers.o
        36          8          0          0          0         68   init.o
         0          0          0          0          0          0   iusefp.o
        30          0          0          0          0         68   llshl.o
        36          0          0          0          0         68   llsshr.o
        32          0          0          0          0         68   llushr.o
        36          0          0          0          0         68   memcpya.o
      2258         90          0          0          0        452   printfa.o
         0          0          0          4          0          0   stdout.o
        44          0          0          0          0         80   uidiv.o
        98          0          0          0          0         92   uldiv.o
        48          0          0          0          0         68   cdrcmple.o
       334          0          0          0          0        148   dadd.o
       222          0          0          0          0        100   ddiv.o
       186          0          0          0          0        176   depilogue.o
        48          0          0          0          0         68   dfixul.o
       228          0          0          0          0         96   dmul.o

    ----------------------------------------------------------------------
      3690        106          0          4          0       1620   Library Totals
         4          0          0          0          0          0   (incl. Padding)

    ----------------------------------------------------------------------

      Code (inc. data)   RO Data    RW Data    ZI Data      Debug   Library Name

      2620        106          0          4          0        964   mc_w.l
      1066          0          0          0          0        656   mf_w.l

    ----------------------------------------------------------------------
      3690        106          0          4          0       1620   Library Totals

    ----------------------------------------------------------------------

==============================================================================


      Code (inc. data)   RO Data    RW Data    ZI Data      Debug   

     10118        122        454         96      10104      94700   Grand Totals
     10118        122        454         96      10104      94700   ELF Image Totals
     10118        122        454         96          0          0   ROM Totals

==============================================================================

    Total RO  Size (Code + RO Data)                10572 (  10.32kB)
    Total RW  Size (RW Data + ZI Data)             10200 (   9.96kB)
    Total ROM Size (Code + RO Data + RW Data)      10668 (  10.42kB)

==============================================================================

